Microchip MPLAB XC8 Compiler V2.05 ()

Linker command line:

-W-3 --edf=C:\Program Files (x86)\Microchip\xc8\v2.05\pic\dat\en_msgs.txt \
  -cs -h+dist/default/debug\TEST.debug.sym \
  --cmf=dist/default/debug\TEST.debug.cmf -z -Q18F46K20 \
  -oC:\Users\gerry\AppData\Local\Temp\sars.2 --defsym=__MPLAB_BUILD=1 \
  -Mdist/default/debug/TEST.debug.map -E1 -ver=XC8 --acfsm=1493 \
  -ASTACK=01C8h-0EF3h -pstack=STACK -ACODE=00h-0FDBFh -ACONST=00h-0FDBFh \
  -ASMALLCONST=01000h-010FFhx237,0FD00h-0FDBFh -AMEDIUMCONST=01000h-0FDBFh \
  -ACOMRAM=01h-05Fh -AABS1=00h-0EF3h,0F00h-0F5Fh \
  -ABIGRAM=01h-0EF3h,0F00h-0F5Fh \
  -ARAM=060h-0FFh,0100h-01FFhx13,0E00h-0EF3h,0F00h-0F5Fh -ABANK0=060h-0FFh \
  -ABANK1=0100h-01FFh -ABANK2=0200h-02FFh -ABANK3=0300h-03FFh \
  -ABANK4=0400h-04FFh -ABANK5=0500h-05FFh -ABANK6=0600h-06FFh \
  -ABANK7=0700h-07FFh -ABANK8=0800h-08FFh -ABANK9=0900h-09FFh \
  -ABANK10=0A00h-0AFFh -ABANK11=0B00h-0BFFh -ABANK12=0C00h-0CFFh \
  -ABANK13=0D00h-0DFFh -ABANK14=0E00h-0EF3h -ABANK15=0F00h-0F5Fh \
  -ASFR=0F60h-0FD3h,0FD5h-0FDAh,0FE0h-0FE2h,0FE8h-0FEAh,0FF0h-0FFCh \
  -preset_vec=00h,intcode=08h,intcodelo,powerup,init -pramtop=01000h \
  -psmallconst=SMALLCONST -pmediumconst=MEDIUMCONST -pconst=CONST \
  -AFARRAM=00h-00h -ACONFIG=0300000h-030000Dh -pconfig=CONFIG \
  -AIDLOC=0200000h-0200007h -pidloc=IDLOC -AEEDATA=0F00000h-0F003FFh \
  -peeprom_data=EEDATA \
  -prdata=COMRAM,nvrram=COMRAM,nvbit=COMRAM,rbss=COMRAM,rbit=COMRAM \
  -pfarbss=FARRAM,fardata=FARRAM,nvFARRAM=FARRAM \
  -pintsave_regs=BIGRAM,bigbss=BIGRAM,bigdata=BIGRAM -pbss=RAM \
  -pidata=CODE,irdata=CODE,ibigdata=CODE,ifardata=CODE -prparam=COMRAM \
  C:\Users\gerry\AppData\Local\Temp\sars.o dist/default/debug\TEST.debug.o 

Object code version is 3.11

Machine type is 18F46K20

Call graph: (short form)




                Name                               Link     Load   Length Selector   Space Scale
C:\Users\gerry\AppData\Local\Temp\sars.o
                init                                 28       28        4        4       0
                reset_vec                             0        0        4        0       0
                idloc                            200000   200000        8   200000       0
                config                           300000   300000        E   300000       0
dist/default/debug\TEST.debug.o
                intcode                               8        8       20        4       0
                temp                                 59       59        1        1       1
                mediumconst                        F8C4     F8C4      4FC     7C62       0
                text46                              D0C      D0C       3A        4       0
                text45                              ECE      ECE       1E        4       0
                text44                              F44      F44       10        4       0
                text42                              E8C      E8C       24        4       0
                text41                              C04      C04       48        4       0
                text40                              BB2      BB2       52        4       0
                text39                              FCA      FCA        A        4       0
                text38                              E68      E68       24        4       0
                text37                              922      922       84        4       0
                text36                              66A      66A       B8        4       0
                text35                              9A6      9A6       7C        4       0
                text34                              722      722       B4        4       0
                text33                              EEC      EEC       1C        4       0
                text32                              C4C      C4C       42        4       0
                text31                              B08      B08       56        4       0
                text30                              880      880       A2        4       0
                text29                              F1E      F1E       14        4       0
                text28                              FDA      FDA        4        4       0
                text27                              F96      F96        C        4       0
                text26                              DB0      DB0       32        4       0
                text25                              4C2      4C2       DA        4       0
                text24                              390      390      132        4       0
                text23                              D7E      D7E       32        4       0
                text22                              250      250      140        4       0
                text21                              C8E      C8E       40        4       0
                text20                              F8A      F8A        C        4       0
                text19                              F7E      F7E        C        4       0
                text18                              DE2      DE2       30        4       0
                text17                              B5E      B5E       54        4       0
                text16                              F70      F70        E        4       0
                text15                              F62      F62        E        4       0
                text14                              F54      F54        E        4       0
                text13                              59C      59C       CE        4       0
                text12                              7D6      7D6       AA        4       0
                text11                              A22      A22       78        4       0
                text10                               2C       2C      224        4       0
                text9                               FC0      FC0        A        4       0
                text8                               FB6      FB6        A        4       0
                text7                               FAC      FAC        A        4       0
                text6                               CCE      CCE       3E        4       0
                text5                               FD4      FD4        6        4       0
                text4                               FA2      FA2        A        4       0
                text3                               D46      D46       38        4       0
                text2                               E3E      E3E       2A        4       0
                text1                               F08      F08       16        4       0
                text0                               F32      F32       12        4       0
                cstackCOMRAM                         3B       3B       16        1       1
                bssBANK1                            100      100       C8      100       1
                dataBANK0                            C9       C9       2C       60       1
                bssBANK0                             60       60       69       60       1
                dataCOMRAM                            1        1       1E        1       1
                bssCOMRAM                            1F       1F       1C        1       1
                cinit                               A9A      A9A       6E        4       0
                nvCOMRAM                             51       51        8        1       1
                idataBANK0                          E12      E12       2C        4       0
                idataCOMRAM                         EB0      EB0       1E        4       0

TOTAL           Name                               Link     Load   Length     Space
        CLASS   STACK          

        CLASS   CODE           
                intcode                               8        8       20         0
                init                                 28       28        4         0
                reset_vec                             0        0        4         0
                text46                              D0C      D0C       3A         0
                text45                              ECE      ECE       1E         0
                text44                              F44      F44       10         0
                text42                              E8C      E8C       24         0
                text41                              C04      C04       48         0
                text40                              BB2      BB2       52         0
                text39                              FCA      FCA        A         0
                text38                              E68      E68       24         0
                text37                              922      922       84         0
                text36                              66A      66A       B8         0
                text35                              9A6      9A6       7C         0
                text34                              722      722       B4         0
                text33                              EEC      EEC       1C         0
                text32                              C4C      C4C       42         0
                text31                              B08      B08       56         0
                text30                              880      880       A2         0
                text29                              F1E      F1E       14         0
                text28                              FDA      FDA        4         0
                text27                              F96      F96        C         0
                text26                              DB0      DB0       32         0
                text25                              4C2      4C2       DA         0
                text24                              390      390      132         0
                text23                              D7E      D7E       32         0
                text22                              250      250      140         0
                text21                              C8E      C8E       40         0
                text20                              F8A      F8A        C         0
                text19                              F7E      F7E        C         0
                text18                              DE2      DE2       30         0
                text17                              B5E      B5E       54         0
                text16                              F70      F70        E         0
                text15                              F62      F62        E         0
                text14                              F54      F54        E         0
                text13                              59C      59C       CE         0
                text12                              7D6      7D6       AA         0
                text11                              A22      A22       78         0
                text10                               2C       2C      224         0
                text9                               FC0      FC0        A         0
                text8                               FB6      FB6        A         0
                text7                               FAC      FAC        A         0
                text6                               CCE      CCE       3E         0
                text5                               FD4      FD4        6         0
                text4                               FA2      FA2        A         0
                text3                               D46      D46       38         0
                text2                               E3E      E3E       2A         0
                text1                               F08      F08       16         0
                text0                               F32      F32       12         0
                cinit                               A9A      A9A       6E         0
                idataBANK0                          E12      E12       2C         0
                idataCOMRAM                         EB0      EB0       1E         0

        CLASS   CONST          

        CLASS   SMALLCONST     

        CLASS   MEDIUMCONST    
                mediumconst                        F8C4     F8C4      4FC         0

        CLASS   COMRAM         
                temp                                 59       59        1         1
                cstackCOMRAM                         3B       3B       16         1
                dataCOMRAM                            1        1       1E         1
                bssCOMRAM                            1F       1F       1C         1
                nvCOMRAM                             51       51        8         1

        CLASS   ABS1           

        CLASS   BIGRAM         

        CLASS   RAM            

        CLASS   BANK0          
                dataBANK0                            C9       C9       2C         1
                bssBANK0                             60       60       69         1

        CLASS   BANK1          
                bssBANK1                            100      100       C8         1

        CLASS   BANK2          

        CLASS   BANK3          

        CLASS   BANK4          

        CLASS   BANK5          

        CLASS   BANK6          

        CLASS   BANK7          

        CLASS   BANK8          

        CLASS   BANK9          

        CLASS   BANK10         

        CLASS   BANK11         

        CLASS   BANK12         

        CLASS   BANK13         

        CLASS   BANK14         

        CLASS   BANK15         

        CLASS   SFR            

        CLASS   FARRAM         

        CLASS   CONFIG         
                config                           300000   300000        E         0

        CLASS   IDLOC          
                idloc                            200000   200000        8         0

        CLASS   EEDATA         



SEGMENTS        Name                           Load    Length   Top    Selector   Space  Class

                reset_vec                      000000  000004  000004         0       0  CODE    
                dataCOMRAM                     000001  000059  00005A         1       1  COMRAM  
                intcode                        000008  000FD6  000FDE         4       0  CODE    
                bssBANK0                       000060  000095  0000F5        60       1  BANK0   
                bssBANK1                       000100  0000C8  0001C8       100       1  BANK1   
                mediumconst                    00F8C4  0004FC  00FDC0      7C62       0  MEDIUMCO
                idloc                          200000  000008  200008    200000       0  IDLOC   
                config                         300000  00000E  30000E    300000       0  CONFIG  


UNUSED ADDRESS RANGES

        Name                Unused          Largest block    Delta
        BANK0            0000F5-0000FF                B
        BANK1            0001C8-0001FF               38
        BANK10           000A00-000AFF              100
        BANK11           000B00-000BFF              100
        BANK12           000C00-000CFF              100
        BANK13           000D00-000DFF              100
        BANK14           000E00-000EF3               F4
        BANK15           000F00-000F5F               60
        BANK2            000200-0002FF              100
        BANK3            000300-0003FF              100
        BANK4            000400-0004FF              100
        BANK5            000500-0005FF              100
        BANK6            000600-0006FF              100
        BANK7            000700-0007FF              100
        BANK8            000800-0008FF              100
        BANK9            000900-0009FF              100
        BIGRAM           00005A-00005F                6
                         0000F5-0000FF                B
                         0001C8-000EF3              D2C
                         000F00-000F5F               60
        CODE             000004-000007                4
                         000FDE-00F8C3             E8E6
        COMRAM           00005A-00005F                6
        CONST            000004-000007                4
                         000FDE-00F8C3             E8E6
        EEDATA           F00000-F003FF              400
        MEDIUMCONST      001000-00F8C3             E8C4
        RAM              0000F5-0000FF                B
                         0001C8-000EF3              100
                         000F00-000F5F               60
        SFR              000F60-000FD3               74
                         000FD5-000FDA                6
                         000FE0-000FE2                3
                         000FE8-000FEA                3
                         000FF0-000FFC                D
        SMALLCONST       001000-00F8C3              100
        STACK            0001C8-000EF3              D2C

                                  Symbol Table

?___awdiv                                      cstackCOMRAM 00003D
?_memcmp                                       cstackCOMRAM 00003D
?_strlen                                       cstackCOMRAM 00003D
DelayLongo@f                                   cstackCOMRAM 00003F
EUSART_SetErrorHandler@interruptHandler        cstackCOMRAM 00003D
EUSART_SetFramingErrorHandler@interruptHandler cstackCOMRAM 00003D
EUSART_SetOverrunErrorHandler@interruptHandler cstackCOMRAM 00003D
EUSART_Write@txData                            cstackCOMRAM 00003D
GetsRS485@Ret                                  cstackCOMRAM 00003F
GetsRS485@RxData                               cstackCOMRAM 00003D
GetsRS485@RxStatus                             cstackCOMRAM 000040
PrintData@StrRH                                cstackCOMRAM 00004B
PrintData@StrTemp                              cstackCOMRAM 000049
PrintLed@flag                                  bssCOMRAM    000027
ProcessPeriodic@Index                          bssCOMRAM    00002B
ProcessPeriodic@Mask                           bssCOMRAM    00002A
ProcessPeriodic@RS485Data                      bssCOMRAM    00003A
ProcessPeriodic@RxCks                          bssCOMRAM    000029
ProcessPeriodic@RxData                         bssCOMRAM    000039
ProcessPeriodic@StrCommand                     bssBANK0     000060
ProcessPeriodic@i                              bssCOMRAM    000028
ProcessPeriodic@pf                             cstackCOMRAM 00004F
PutsRS485@i                                    cstackCOMRAM 000045
PutsRS485@s                                    cstackCOMRAM 000041
SetProcessFunc@Command                         cstackCOMRAM 000048
SetProcessFunc@FunctionHandler                 cstackCOMRAM 00004B
SetProcessFunc@Index                           cstackCOMRAM 00004D
SetProcessFunc@Size                            cstackCOMRAM 00004A
TMR0_SetInterruptHandler@InterruptHandler      cstackCOMRAM 00003D
Ws0010Buf5x7Char@carac                         cstackCOMRAM 000042
Ws0010Buf5x7Char@inv                           cstackCOMRAM 00003D
Ws0010Buf5x7Char@j                             cstackCOMRAM 000043
Ws0010Buf9x16Char@carac                        cstackCOMRAM 000046
Ws0010Buf9x16Char@inv                          cstackCOMRAM 000041
Ws0010Buf9x16Char@j                            cstackCOMRAM 000047
Ws0010BufBitmap@Image                          cstackCOMRAM 000045
Ws0010BufBitmap@Size                           cstackCOMRAM 000047
Ws0010BufBitmap@gap                            cstackCOMRAM 00004A
Ws0010BufBitmap@j                              cstackCOMRAM 00004B
Ws0010BufGotoXY@posx                           cstackCOMRAM 000040
Ws0010BufGotoXY@posy                           cstackCOMRAM 00003D
Ws0010BufPatern@count                          cstackCOMRAM 00003D
Ws0010BufPatern@dado                           cstackCOMRAM 00003E
Ws0010BufPatern@i                              cstackCOMRAM 00003F
Ws0010Bufu16@F3238                             dataCOMRAM   00000F
Ws0010Bufu32@F3253                             dataBANK0    0000C9
Ws0010Bufu8@F3223                              dataCOMRAM   00001B
Ws0010Init@F3174                               dataCOMRAM   000001
Ws0010Init@i                                   cstackCOMRAM 00004B
Ws0010Init@init                                cstackCOMRAM 00003D
Ws0010PutByte@end                              cstackCOMRAM 000040
Ws0010PutByte@fras                             cstackCOMRAM 00003D
Ws0010PutGotoXY@posx                           cstackCOMRAM 000042
Ws0010PutGotoXY@posy                           cstackCOMRAM 000041
Ws0010Refresh@dado                             cstackCOMRAM 000043
Ws0010Refresh@j                                cstackCOMRAM 000044
_ANSEL                                         (abs)        000F7E
_ANSELH                                        (abs)        000F7F
_AplicationQueue                               bssBANK0     0000B1
_BAUDCON                                       (abs)        000FB8
_CounterA                                      bssCOMRAM    000023
_CounterB                                      bssCOMRAM    000021
_CxFlag                                        bssCOMRAM    00002D
_DelayLongo                                    text42       000E8C
_EUSART_DefaultErrorHandler                    (abs)        000000
_EUSART_DefaultFramingErrorHandler             (abs)        000000
_EUSART_DefaultOverrunErrorHandler             (abs)        000000
_EUSART_ErrorHandler                           nvCOMRAM     000051
_EUSART_FramingErrorHandler                    nvCOMRAM     000055
_EUSART_Initialize                             text6        000CCE
_EUSART_OverrunErrorHandler                    nvCOMRAM     000053
_EUSART_Read                                   text29       000F1E
_EUSART_SetErrorHandler                        text9        000FC0
_EUSART_SetFramingErrorHandler                 text8        000FB6
_EUSART_SetOverrunErrorHandler                 text7        000FAC
_EUSART_Write                                  text20       000F8A
_EUSART_get_last_status                        text28       000FDA
_EUSART_is_rx_ready                            text27       000F96
_EUSART_is_tx_done                             text19       000F7E
_GetsRS485                                     text26       000DB0
_INTCON2bits                                   (abs)        000FF1
_INTCONbits                                    (abs)        000FF2
_INTERRUPT_Initialize                          text5        000FD4
_INTERRUPT_InterruptManagerHigh                intcode      000008
_LATA                                          (abs)        000F89
_LATB                                          (abs)        000F8A
_LATC                                          (abs)        000F8B
_LATD                                          (abs)        000F8C
_LATDbits                                      (abs)        000F8C
_LATE                                          (abs)        000F8D
_LATEbits                                      (abs)        000F8D
_LogoClk                                       mediumconst  00FCFE
_OSCCON                                        (abs)        000FD3
_OSCILLATOR_Initialize                         text4        000FA2
_OSCTUNE                                       (abs)        000F9B
_PIN_MANAGER_Initialize                        text3        000D46
_PIR1bits                                      (abs)        000F9E
_PORTDbits                                     (abs)        000F83
_PrintData                                     text22       000250
_PrintLed                                      text21       000C8E
_ProcessInit                                   text30       000880
_ProcessPeriodic                               text10       00002C
_ProcessVector                                 bssBANK0     00008D
_PutsRS485                                     text17       000B5E
_RCONbits                                      (abs)        000FD0
_RCREG                                         (abs)        000FAE
_RCSTA                                         (abs)        000FAB
_RCSTAbits                                     (abs)        000FAB
_RunFlag                                       bssCOMRAM    00002C
_SPBRG                                         (abs)        000FAF
_SPBRGH                                        (abs)        000FB0
_SYSTEM_Initialize                             text1        000F08
_SendBT                                        text14       000F54
_SendCX                                        text15       000F62
_SendSY                                        text16       000F70
_SetProcessFunc                                text40       000BB2
_SetTick1S                                     text46       000D0C
_StrRH                                         bssCOMRAM    00002F
_StrTemp                                       bssCOMRAM    000034
_T0CON                                         (abs)        000FD5
_T0CONbits                                     (abs)        000FD5
_TMR0H                                         (abs)        000FD7
_TMR0L                                         (abs)        000FD6
_TMR0_CallBack                                 text45       000ECE
_TMR0_ISR                                      text44       000F44
_TMR0_Initialize                               text2        000E3E
_TMR0_InterruptHandler                         bssCOMRAM    000025
_TMR0_SetInterruptHandler                      text39       000FCA
_TRISA                                         (abs)        000F92
_TRISB                                         (abs)        000F93
_TRISC                                         (abs)        000F94
_TRISD                                         (abs)        000F95
_TRISE                                         (abs)        000F96
_TRISEbits                                     (abs)        000F96
_TXREG                                         (abs)        000FAD
_TXSTA                                         (abs)        000FAC
_TXSTAbits                                     (abs)        000FAC
_WPUB                                          (abs)        000F7C
_Ws0010Buf5x7Char                              text25       0004C2
_Ws0010Buf9x16Char                             text24       000390
_Ws0010BufBitmap                               text36       00066A
_Ws0010BufGotoXY                               text38       000E68
_Ws0010BufPatern                               text23       000D7E
_Ws0010Init                                    text35       0009A6
_Ws0010PutByte                                 text34       000722
_Ws0010PutGotoXY                               text33       000EEC
_Ws0010Refresh                                 text32       000C4C
_Ws0010_buffer                                 bssBANK1     000100
__CFG_BOREN$SBORDIS                            (abs)        000000
__CFG_BORV$18                                  (abs)        000000
__CFG_CCP2MX$PORTC                             (abs)        000000
__CFG_CP0$OFF                                  (abs)        000000
__CFG_CP1$OFF                                  (abs)        000000
__CFG_CP2$OFF                                  (abs)        000000
__CFG_CP3$OFF                                  (abs)        000000
__CFG_CPB$OFF                                  (abs)        000000
__CFG_CPD$OFF                                  (abs)        000000
__CFG_DEBUG$ON                                 (abs)        000000
__CFG_EBTR0$OFF                                (abs)        000000
__CFG_EBTR1$OFF                                (abs)        000000
__CFG_EBTR2$OFF                                (abs)        000000
__CFG_EBTR3$OFF                                (abs)        000000
__CFG_EBTRB$OFF                                (abs)        000000
__CFG_FCMEN$OFF                                (abs)        000000
__CFG_FOSC$HSPLL                               (abs)        000000
__CFG_HFOFST$OFF                               (abs)        000000
__CFG_IESO$OFF                                 (abs)        000000
__CFG_LPT1OSC$OFF                              (abs)        000000
__CFG_LVP$OFF                                  (abs)        000000
__CFG_MCLRE$ON                                 (abs)        000000
__CFG_PBADEN$OFF                               (abs)        000000
__CFG_PWRT$OFF                                 (abs)        000000
__CFG_STVREN$ON                                (abs)        000000
__CFG_WDTEN$OFF                                (abs)        000000
__CFG_WDTPS$32768                              (abs)        000000
__CFG_WRT0$OFF                                 (abs)        000000
__CFG_WRT1$OFF                                 (abs)        000000
__CFG_WRT2$OFF                                 (abs)        000000
__CFG_WRT3$OFF                                 (abs)        000000
__CFG_WRTB$OFF                                 (abs)        000000
__CFG_WRTC$OFF                                 (abs)        000000
__CFG_WRTD$OFF                                 (abs)        000000
__CFG_XINST$OFF                                (abs)        000000
__HRAM                                         (abs)        000000
__Habs1                                        abs1         000000
__Hbank0                                       bank0        000000
__Hbank1                                       bank1        000000
__Hbank10                                      bank10       000000
__Hbank11                                      bank11       000000
__Hbank12                                      bank12       000000
__Hbank13                                      bank13       000000
__Hbank14                                      bank14       000000
__Hbank15                                      bank15       000000
__Hbank2                                       bank2        000000
__Hbank3                                       bank3        000000
__Hbank4                                       bank4        000000
__Hbank5                                       bank5        000000
__Hbank6                                       bank6        000000
__Hbank7                                       bank7        000000
__Hbank8                                       bank8        000000
__Hbank9                                       bank9        000000
__Hbigbss                                      bigbss       000000
__Hbigdata                                     bigdata      000000
__Hbigram                                      bigram       000000
__Hbss                                         bss          000000
__HbssBANK0                                    bssBANK0     000000
__HbssBANK1                                    bssBANK1     000000
__HbssCOMRAM                                   bssCOMRAM    000000
__Hcinit                                       cinit        000000
__Hclrtext                                     clrtext      000000
__Hcomram                                      comram       000000
__Hconfig                                      config       30000E
__Hconst                                       const        000000
__HcstackCOMRAM                                cstackCOMRAM 000000
__Hdata                                        data         000000
__HdataBANK0                                   dataBANK0    000000
__HdataCOMRAM                                  dataCOMRAM   000000
__Heeprom_data                                 eeprom_data  000000
__Hfarbss                                      farbss       000000
__Hfardata                                     fardata      000000
__Hibigdata                                    ibigdata     000000
__Hidata                                       idata        000000
__HidataBANK0                                  idataBANK0   000000
__HidataCOMRAM                                 idataCOMRAM  000000
__Hidloc                                       idloc        200008
__Hifardata                                    ifardata     000000
__Hinit                                        init         00002C
__Hintcode                                     intcode      000028
__Hintcode_body                                intcode_body 000000
__Hintcodelo                                   intcodelo    000028
__Hintentry                                    intentry     000000
__Hintret                                      intret       000000
__Hintsave_regs                                intsave_regs 000000
__Hirdata                                      irdata       000000
__Hmediumconst                                 mediumconst  00FDC0
__HnvCOMRAM                                    nvCOMRAM     000000
__HnvFARRAM                                    nvFARRAM     000000
__Hnvbit                                       nvbit        000000
__Hnvrram                                      nvrram       000000
__Hparam                                       rparam       000000
__Hpowerup                                     powerup      000028
__Hram                                         ram          000000
__Hramtop                                      ramtop       001000
__Hrbit                                        rbit         000000
__Hrbss                                        rbss         000000
__Hrdata                                       rdata        000000
__Hreset_vec                                   reset_vec    000004
__Hrparam                                      rparam       000000
__Hsfr                                         sfr          000000
__Hsmallconst                                  smallconst   000000
__Hspace_0                                     (abs)        30000E
__Hspace_1                                     (abs)        0001C8
__Hspace_2                                     (abs)        000000
__Hstack                                       stack        000000
__Hstruct                                      struct       000000
__Htemp                                        temp         00005A
__Htext                                        text         000000
__Htext0                                       text0        000000
__Htext1                                       text1        000000
__Htext10                                      text10       000000
__Htext11                                      text11       000000
__Htext12                                      text12       000000
__Htext13                                      text13       000000
__Htext14                                      text14       000000
__Htext15                                      text15       000000
__Htext16                                      text16       000000
__Htext17                                      text17       000000
__Htext18                                      text18       000000
__Htext19                                      text19       000000
__Htext2                                       text2        000000
__Htext20                                      text20       000000
__Htext21                                      text21       000000
__Htext22                                      text22       000000
__Htext23                                      text23       000000
__Htext24                                      text24       000000
__Htext25                                      text25       000000
__Htext26                                      text26       000000
__Htext27                                      text27       000000
__Htext28                                      text28       000000
__Htext29                                      text29       000000
__Htext3                                       text3        000000
__Htext30                                      text30       000000
__Htext31                                      text31       000000
__Htext32                                      text32       000000
__Htext33                                      text33       000000
__Htext34                                      text34       000000
__Htext35                                      text35       000000
__Htext36                                      text36       000000
__Htext37                                      text37       000000
__Htext38                                      text38       000000
__Htext39                                      text39       000000
__Htext4                                       text4        000000
__Htext40                                      text40       000000
__Htext41                                      text41       000000
__Htext42                                      text42       000000
__Htext44                                      text44       000000
__Htext45                                      text45       000000
__Htext46                                      text46       000000
__Htext47                                      text47       000000
__Htext5                                       text5        000000
__Htext6                                       text6        000000
__Htext7                                       text7        000000
__Htext8                                       text8        000000
__Htext9                                       text9        000000
__LRAM                                         (abs)        000001
__Labs1                                        abs1         000000
__Lbank0                                       bank0        000000
__Lbank1                                       bank1        000000
__Lbank10                                      bank10       000000
__Lbank11                                      bank11       000000
__Lbank12                                      bank12       000000
__Lbank13                                      bank13       000000
__Lbank14                                      bank14       000000
__Lbank15                                      bank15       000000
__Lbank2                                       bank2        000000
__Lbank3                                       bank3        000000
__Lbank4                                       bank4        000000
__Lbank5                                       bank5        000000
__Lbank6                                       bank6        000000
__Lbank7                                       bank7        000000
__Lbank8                                       bank8        000000
__Lbank9                                       bank9        000000
__Lbigbss                                      bigbss       000000
__Lbigdata                                     bigdata      000000
__Lbigram                                      bigram       000000
__Lbss                                         bss          000000
__LbssBANK0                                    bssBANK0     000000
__LbssBANK1                                    bssBANK1     000000
__LbssCOMRAM                                   bssCOMRAM    000000
__Lcinit                                       cinit        000000
__Lclrtext                                     clrtext      000000
__Lcomram                                      comram       000000
__Lconfig                                      config       300000
__Lconst                                       const        000000
__LcstackCOMRAM                                cstackCOMRAM 000000
__Ldata                                        data         000000
__LdataBANK0                                   dataBANK0    000000
__LdataCOMRAM                                  dataCOMRAM   000000
__Leeprom_data                                 eeprom_data  000000
__Lfarbss                                      farbss       000000
__Lfardata                                     fardata      000000
__Libigdata                                    ibigdata     000000
__Lidata                                       idata        000000
__LidataBANK0                                  idataBANK0   000000
__LidataCOMRAM                                 idataCOMRAM  000000
__Lidloc                                       idloc        200000
__Lifardata                                    ifardata     000000
__Linit                                        init         000028
__Lintcode                                     intcode      000008
__Lintcode_body                                intcode_body 000000
__Lintcodelo                                   intcodelo    000028
__Lintentry                                    intentry     000000
__Lintret                                      intret       000000
__Lintsave_regs                                intsave_regs 000000
__Lirdata                                      irdata       000000
__Lmediumconst                                 mediumconst  00F8C4
__LnvCOMRAM                                    nvCOMRAM     000000
__LnvFARRAM                                    nvFARRAM     000000
__Lnvbit                                       nvbit        000000
__Lnvrram                                      nvrram       000000
__Lparam                                       rparam       000000
__Lpowerup                                     powerup      000028
__Lram                                         ram          000000
__Lramtop                                      ramtop       001000
__Lrbit                                        rbit         000000
__Lrbss                                        rbss         000000
__Lrdata                                       rdata        000000
__Lreset_vec                                   reset_vec    000000
__Lrparam                                      rparam       000000
__Lsfr                                         sfr          000000
__Lsmallconst                                  smallconst   000000
__Lspace_0                                     (abs)        000000
__Lspace_1                                     (abs)        000000
__Lspace_2                                     (abs)        000000
__Lstack                                       stack        000000
__Lstruct                                      struct       000000
__Ltemp                                        temp         000059
__Ltext                                        text         000000
__Ltext0                                       text0        000000
__Ltext1                                       text1        000000
__Ltext10                                      text10       000000
__Ltext11                                      text11       000000
__Ltext12                                      text12       000000
__Ltext13                                      text13       000000
__Ltext14                                      text14       000000
__Ltext15                                      text15       000000
__Ltext16                                      text16       000000
__Ltext17                                      text17       000000
__Ltext18                                      text18       000000
__Ltext19                                      text19       000000
__Ltext2                                       text2        000000
__Ltext20                                      text20       000000
__Ltext21                                      text21       000000
__Ltext22                                      text22       000000
__Ltext23                                      text23       000000
__Ltext24                                      text24       000000
__Ltext25                                      text25       000000
__Ltext26                                      text26       000000
__Ltext27                                      text27       000000
__Ltext28                                      text28       000000
__Ltext29                                      text29       000000
__Ltext3                                       text3        000000
__Ltext30                                      text30       000000
__Ltext31                                      text31       000000
__Ltext32                                      text32       000000
__Ltext33                                      text33       000000
__Ltext34                                      text34       000000
__Ltext35                                      text35       000000
__Ltext36                                      text36       000000
__Ltext37                                      text37       000000
__Ltext38                                      text38       000000
__Ltext39                                      text39       000000
__Ltext4                                       text4        000000
__Ltext40                                      text40       000000
__Ltext41                                      text41       000000
__Ltext42                                      text42       000000
__Ltext44                                      text44       000000
__Ltext45                                      text45       000000
__Ltext46                                      text46       000000
__Ltext47                                      text47       000000
__Ltext5                                       text5        000000
__Ltext6                                       text6        000000
__Ltext7                                       text7        000000
__Ltext8                                       text8        000000
__Ltext9                                       text9        000000
__S0                                           (abs)        30000E
__S1                                           (abs)        0001C8
__S2                                           (abs)        000000
___awdiv                                       text37       000922
___awdiv@counter                               cstackCOMRAM 000041
___awdiv@dividend                              cstackCOMRAM 00003D
___awdiv@divisor                               cstackCOMRAM 00003F
___awdiv@quotient                              cstackCOMRAM 000043
___awdiv@sign                                  cstackCOMRAM 000042
___inthi_sp                                    stack        000000
___intlo_sp                                    stack        000000
___param_bank                                  (abs)        000000
___rparam_used                                 (abs)        000001
___sp                                          stack        000000
__accesstop                                    (abs)        000060
__activetblptr                                 (abs)        000003
__end_of_DelayLongo                            text42       000EB0
__end_of_EUSART_Initialize                     text6        000D0C
__end_of_EUSART_Read                           text29       000F32
__end_of_EUSART_SetErrorHandler                text9        000FCA
__end_of_EUSART_SetFramingErrorHandler         text8        000FC0
__end_of_EUSART_SetOverrunErrorHandler         text7        000FB6
__end_of_EUSART_Write                          text20       000F96
__end_of_EUSART_get_last_status                text28       000FDE
__end_of_EUSART_is_rx_ready                    text27       000FA2
__end_of_EUSART_is_tx_done                     text19       000F8A
__end_of_GetsRS485                             text26       000DE2
__end_of_INTERRUPT_Initialize                  text5        000FDA
__end_of_INTERRUPT_InterruptManagerHigh        intcode      000028
__end_of_LogoClk                               mediumconst  00FDB2
__end_of_OSCILLATOR_Initialize                 text4        000FAC
__end_of_PIN_MANAGER_Initialize                text3        000D7E
__end_of_PrintData                             text22       000390
__end_of_PrintLed                              text21       000CCE
__end_of_ProcessInit                           text30       000922
__end_of_ProcessPeriodic                       text10       000250
__end_of_PutsRS485                             text17       000BB2
__end_of_SYSTEM_Initialize                     text1        000F1E
__end_of_SendBT                                text14       000F62
__end_of_SendCX                                text15       000F70
__end_of_SendSY                                text16       000F7E
__end_of_SetProcessFunc                        text40       000C04
__end_of_SetTick1S                             text46       000D46
__end_of_TMR0_CallBack                         text45       000EEC
__end_of_TMR0_ISR                              text44       000F54
__end_of_TMR0_Initialize                       text2        000E68
__end_of_TMR0_SetInterruptHandler              text39       000FD4
__end_of_Ws0010Buf5x7Char                      text25       00059C
__end_of_Ws0010Buf9x16Char                     text24       0004C2
__end_of_Ws0010BufBitmap                       text36       000722
__end_of_Ws0010BufGotoXY                       text38       000E8C
__end_of_Ws0010BufPatern                       text23       000DB0
__end_of_Ws0010Init                            text35       000A22
__end_of_Ws0010PutByte                         text34       0007D6
__end_of_Ws0010PutGotoXY                       text33       000F08
__end_of_Ws0010Refresh                         text32       000C8E
__end_of___awdiv                               text37       0009A6
__end_of__initialization                       cinit        000AFE
__end_of_ascii_table4x6                        mediumconst  00FA41
__end_of_ascii_table5x7                        mediumconst  00FC26
__end_of_ascii_table9x16                       mediumconst  00FCFE
__end_of_fifo_dequeue                          text13       00066A
__end_of_fifo_init                             text31       000B5E
__end_of_fifo_queue                            text12       000880
__end_of_main                                  text0        000F44
__end_of_memcmp                                text11       000A9A
__end_of_memcpy                                text41       000C4C
__end_of_strlen                                text18       000E12
__initialization                               cinit        000A9A
__mediumconst                                  mediumconst  00F8C4
__pbssBANK0                                    bssBANK0     000060
__pbssBANK1                                    bssBANK1     000100
__pbssCOMRAM                                   bssCOMRAM    00001F
__pcinit                                       cinit        000A9A
__pcstackCOMRAM                                cstackCOMRAM 00003B
__pdataBANK0                                   dataBANK0    0000C9
__pdataCOMRAM                                  dataCOMRAM   000001
__pidataBANK0                                  idataBANK0   000E12
__pidataCOMRAM                                 idataCOMRAM  000EB0
__pintcode                                     intcode      000008
__pmediumconst                                 mediumconst  00F8C4
__pnvCOMRAM                                    nvCOMRAM     000051
__ptext0                                       text0        000F32
__ptext1                                       text1        000F08
__ptext10                                      text10       00002C
__ptext11                                      text11       000A22
__ptext12                                      text12       0007D6
__ptext13                                      text13       00059C
__ptext14                                      text14       000F54
__ptext15                                      text15       000F62
__ptext16                                      text16       000F70
__ptext17                                      text17       000B5E
__ptext18                                      text18       000DE2
__ptext19                                      text19       000F7E
__ptext2                                       text2        000E3E
__ptext20                                      text20       000F8A
__ptext21                                      text21       000C8E
__ptext22                                      text22       000250
__ptext23                                      text23       000D7E
__ptext24                                      text24       000390
__ptext25                                      text25       0004C2
__ptext26                                      text26       000DB0
__ptext27                                      text27       000F96
__ptext28                                      text28       000FDA
__ptext29                                      text29       000F1E
__ptext3                                       text3        000D46
__ptext30                                      text30       000880
__ptext31                                      text31       000B08
__ptext32                                      text32       000C4C
__ptext33                                      text33       000EEC
__ptext34                                      text34       000722
__ptext35                                      text35       0009A6
__ptext36                                      text36       00066A
__ptext37                                      text37       000922
__ptext38                                      text38       000E68
__ptext39                                      text39       000FCA
__ptext4                                       text4        000FA2
__ptext40                                      text40       000BB2
__ptext41                                      text41       000C04
__ptext42                                      text42       000E8C
__ptext44                                      text44       000F44
__ptext45                                      text45       000ECE
__ptext46                                      text46       000D0C
__ptext47                                      text47       000000
__ptext5                                       text5        000FD4
__ptext6                                       text6        000CCE
__ptext7                                       text7        000FAC
__ptext8                                       text8        000FB6
__ptext9                                       text9        000FC0
__ramtop                                       ramtop       001000
__size_of_DelayLongo                           (abs)        000000
__size_of_EUSART_Initialize                    (abs)        000000
__size_of_EUSART_Read                          (abs)        000000
__size_of_EUSART_SetErrorHandler               (abs)        000000
__size_of_EUSART_SetFramingErrorHandler        (abs)        000000
__size_of_EUSART_SetOverrunErrorHandler        (abs)        000000
__size_of_EUSART_Write                         (abs)        000000
__size_of_EUSART_get_last_status               (abs)        000000
__size_of_EUSART_is_rx_ready                   (abs)        000000
__size_of_EUSART_is_tx_done                    (abs)        000000
__size_of_GetsRS485                            (abs)        000000
__size_of_INTERRUPT_Initialize                 (abs)        000000
__size_of_INTERRUPT_InterruptManagerHigh       (abs)        000000
__size_of_OSCILLATOR_Initialize                (abs)        000000
__size_of_PIN_MANAGER_Initialize               (abs)        000000
__size_of_PrintData                            (abs)        000000
__size_of_PrintLed                             (abs)        000000
__size_of_ProcessInit                          (abs)        000000
__size_of_ProcessPeriodic                      (abs)        000000
__size_of_PutsRS485                            (abs)        000000
__size_of_SYSTEM_Initialize                    (abs)        000000
__size_of_SendBT                               (abs)        000000
__size_of_SendCX                               (abs)        000000
__size_of_SendSY                               (abs)        000000
__size_of_SetProcessFunc                       (abs)        000000
__size_of_SetTick1S                            (abs)        000000
__size_of_TMR0_CallBack                        (abs)        000000
__size_of_TMR0_ISR                             (abs)        000000
__size_of_TMR0_Initialize                      (abs)        000000
__size_of_TMR0_SetInterruptHandler             (abs)        000000
__size_of_Ws0010Buf5x7Char                     (abs)        000000
__size_of_Ws0010Buf9x16Char                    (abs)        000000
__size_of_Ws0010BufBitmap                      (abs)        000000
__size_of_Ws0010BufGotoXY                      (abs)        000000
__size_of_Ws0010BufPatern                      (abs)        000000
__size_of_Ws0010Init                           (abs)        000000
__size_of_Ws0010PutByte                        (abs)        000000
__size_of_Ws0010PutGotoXY                      (abs)        000000
__size_of_Ws0010Refresh                        (abs)        000000
__size_of___awdiv                              (abs)        000000
__size_of_fifo_dequeue                         (abs)        000000
__size_of_fifo_init                            (abs)        000000
__size_of_fifo_queue                           (abs)        000000
__size_of_main                                 (abs)        000000
__size_of_memcmp                               (abs)        000000
__size_of_memcpy                               (abs)        000000
__size_of_strlen                               (abs)        000000
__smallconst                                   smallconst   000000
_ascii_table4x6                                mediumconst  00F8C5
_ascii_table5x7                                mediumconst  00FA41
_ascii_table9x16                               mediumconst  00FC26
_eusartRxLastError                             bssCOMRAM    00002E
_fifo_dequeue                                  text13       00059C
_fifo_init                                     text31       000B08
_fifo_queue                                    text12       0007D6
_main                                          text0        000F32
_memcmp                                        text11       000A22
_memcpy                                        text41       000C04
_ptr                                           bssCOMRAM    00001F
_strlen                                        text18       000DE2
_timer0ReloadVal                               nvCOMRAM     000057
btemp                                          temp         000059
end_of_initialization                          cinit        000AFE
fifo_dequeue@p_data                            cstackCOMRAM 00003F
fifo_dequeue@p_fifo                            cstackCOMRAM 00003D
fifo_dequeue@result                            cstackCOMRAM 000044
fifo_init@p_fifo                               cstackCOMRAM 00003D
fifo_init@size                                 cstackCOMRAM 00003F
fifo_queue@p_data                              cstackCOMRAM 00003F
fifo_queue@p_fifo                              cstackCOMRAM 00003D
int$flags                                      temp         000059
intlevel0                                      text         000000
intlevel1                                      text         000000
intlevel2                                      text         000000
intlevel3                                      text         000000
memcmp@l                                       cstackCOMRAM 000045
memcmp@n                                       cstackCOMRAM 000041
memcmp@r                                       cstackCOMRAM 000047
memcmp@vl                                      cstackCOMRAM 00003D
memcmp@vr                                      cstackCOMRAM 00003F
memcpy@d                                       cstackCOMRAM 000043
memcpy@d1                                      cstackCOMRAM 00003D
memcpy@n                                       cstackCOMRAM 000041
memcpy@s                                       cstackCOMRAM 000045
memcpy@s1                                      cstackCOMRAM 00003F
memcpy@tmp                                     cstackCOMRAM 000047
stackhi                                        (abs)        000EF3
stacklo                                        (abs)        0001C8
start                                          init         000028
start_initialization                           cinit        000A9A
strlen@a                                       cstackCOMRAM 00003F
strlen@s                                       cstackCOMRAM 00003D
ttemp5                                         temp         00005A
ttemp6                                         temp         00005D
ttemp7                                         temp         000061
wtemp8                                         temp         00005A


FUNCTION INFORMATION:

 *************** function _main *****************
 Defined at:
		line 55 in file "main.c"
 Parameters:    Size  Location     Type
		None
 Auto vars:     Size  Location     Type
		None
 Return value:  Size  Location     Type
                  1    wreg      void 
 Registers used:
		wreg, fsr1l, fsr1h, fsr2l, fsr2h, status,2, status,0, pclath, tosl, tblptrl, tblptrh, tblptru, prodl, prodh, cstack
 Tracked objects:
		On entry : 
		On exit  : 
		Unchanged: 
 Data sizes:     COMRAM   BANK0   BANK1   BANK2   BANK3   BANK4   BANK5   BANK6   BANK7   BANK8   BANK9  BANK10  BANK11  BANK12  BANK13  BANK14  BANK15
      Params:         0       0       0       0       0       0       0       0       0       0       0       0       0       0       0       0       0
      Locals:         0       0       0       0       0       0       0       0       0       0       0       0       0       0       0       0       0
      Temps:          0       0       0       0       0       0       0       0       0       0       0       0       0       0       0       0       0
      Totals:         0       0       0       0       0       0       0       0       0       0       0       0       0       0       0       0       0
Total ram usage:        0 bytes
 Hardware stack levels required when called:    9
 This function calls:
		_ProcessInit
		_ProcessPeriodic
		_SYSTEM_Initialize
 This function is called by:
		Startup code after reset
 This function uses a non-reentrant model


 *************** function _SYSTEM_Initialize *****************
 Defined at:
		line 50 in file "mcc_generated_files/mcc.c"
 Parameters:    Size  Location     Type
		None
 Auto vars:     Size  Location     Type
		None
 Return value:  Size  Location     Type
                  1    wreg      void 
 Registers used:
		wreg, status,2, status,0, cstack
 Tracked objects:
		On entry : 
		On exit  : 
		Unchanged: 
 Data sizes:     COMRAM   BANK0   BANK1   BANK2   BANK3   BANK4   BANK5   BANK6   BANK7   BANK8   BANK9  BANK10  BANK11  BANK12  BANK13  BANK14  BANK15
      Params:         0       0       0       0       0       0       0       0       0       0       0       0       0       0       0       0       0
      Locals:         0       0       0       0       0       0       0       0       0       0       0       0       0       0       0       0       0
      Temps:          0       0       0       0       0       0       0       0       0       0       0       0       0       0       0       0       0
      Totals:         0       0       0       0       0       0       0       0       0       0       0       0       0       0       0       0       0
Total ram usage:        0 bytes
 Hardware stack levels used:    1
 Hardware stack levels required when called:    6
 This function calls:
		_EUSART_Initialize
		_INTERRUPT_Initialize
		_OSCILLATOR_Initialize
		_PIN_MANAGER_Initialize
		_TMR0_Initialize
 This function is called by:
		_main
 This function uses a non-reentrant model


 *************** function _TMR0_Initialize *****************
 Defined at:
		line 67 in file "mcc_generated_files/tmr0.c"
 Parameters:    Size  Location     Type
		None
 Auto vars:     Size  Location     Type
		None
 Return value:  Size  Location     Type
                  1    wreg      void 
 Registers used:
		wreg, status,2, status,0
 Tracked objects:
		On entry : 
		On exit  : 
		Unchanged: 
 Data sizes:     COMRAM   BANK0   BANK1   BANK2   BANK3   BANK4   BANK5   BANK6   BANK7   BANK8   BANK9  BANK10  BANK11  BANK12  BANK13  BANK14  BANK15
      Params:         0       0       0       0       0       0       0       0       0       0       0       0       0       0       0       0       0
      Locals:         0       0       0       0       0       0       0       0       0       0       0       0       0       0       0       0       0
      Temps:          2       0       0       0       0       0       0       0       0       0       0       0       0       0       0       0       0
      Totals:         2       0       0       0       0       0       0       0       0       0       0       0       0       0       0       0       0
Total ram usage:        2 bytes
 Hardware stack levels used:    1
 Hardware stack levels required when called:    4
 This function calls:
		Nothing
 This function is called by:
		_SYSTEM_Initialize
 This function uses a non-reentrant model


 *************** function _PIN_MANAGER_Initialize *****************
 Defined at:
		line 55 in file "mcc_generated_files/pin_manager.c"
 Parameters:    Size  Location     Type
		None
 Auto vars:     Size  Location     Type
		None
 Return value:  Size  Location     Type
                  1    wreg      void 
 Registers used:
		wreg, status,2
 Tracked objects:
		On entry : 
		On exit  : 
		Unchanged: 
 Data sizes:     COMRAM   BANK0   BANK1   BANK2   BANK3   BANK4   BANK5   BANK6   BANK7   BANK8   BANK9  BANK10  BANK11  BANK12  BANK13  BANK14  BANK15
      Params:         0       0       0       0       0       0       0       0       0       0       0       0       0       0       0       0       0
      Locals:         0       0       0       0       0       0       0       0       0       0       0       0       0       0       0       0       0
      Temps:          0       0       0       0       0       0       0       0       0       0       0       0       0       0       0       0       0
      Totals:         0       0       0       0       0       0       0       0       0       0       0       0       0       0       0       0       0
Total ram usage:        0 bytes
 Hardware stack levels used:    1
 Hardware stack levels required when called:    4
 This function calls:
		Nothing
 This function is called by:
		_SYSTEM_Initialize
 This function uses a non-reentrant model


 *************** function _OSCILLATOR_Initialize *****************
 Defined at:
		line 60 in file "mcc_generated_files/mcc.c"
 Parameters:    Size  Location     Type
		None
 Auto vars:     Size  Location     Type
		None
 Return value:  Size  Location     Type
                  1    wreg      void 
 Registers used:
		wreg, status,2
 Tracked objects:
		On entry : 
		On exit  : 
		Unchanged: 
 Data sizes:     COMRAM   BANK0   BANK1   BANK2   BANK3   BANK4   BANK5   BANK6   BANK7   BANK8   BANK9  BANK10  BANK11  BANK12  BANK13  BANK14  BANK15
      Params:         0       0       0       0       0       0       0       0       0       0       0       0       0       0       0       0       0
      Locals:         0       0       0       0       0       0       0       0       0       0       0       0       0       0       0       0       0
      Temps:          0       0       0       0       0       0       0       0       0       0       0       0       0       0       0       0       0
      Totals:         0       0       0       0       0       0       0       0       0       0       0       0       0       0       0       0       0
Total ram usage:        0 bytes
 Hardware stack levels used:    1
 Hardware stack levels required when called:    4
 This function calls:
		Nothing
 This function is called by:
		_SYSTEM_Initialize
 This function uses a non-reentrant model


 *************** function _INTERRUPT_Initialize *****************
 Defined at:
		line 52 in file "mcc_generated_files/interrupt_manager.c"
 Parameters:    Size  Location     Type
		None
 Auto vars:     Size  Location     Type
		None
 Return value:  Size  Location     Type
                  1    wreg      void 
 Registers used:
		None
 Tracked objects:
		On entry : 
		On exit  : 
		Unchanged: 
 Data sizes:     COMRAM   BANK0   BANK1   BANK2   BANK3   BANK4   BANK5   BANK6   BANK7   BANK8   BANK9  BANK10  BANK11  BANK12  BANK13  BANK14  BANK15
      Params:         0       0       0       0       0       0       0       0       0       0       0       0       0       0       0       0       0
      Locals:         0       0       0       0       0       0       0       0       0       0       0       0       0       0       0       0       0
      Temps:          0       0       0       0       0       0       0       0       0       0       0       0       0       0       0       0       0
      Totals:         0       0       0       0       0       0       0       0       0       0       0       0       0       0       0       0       0
Total ram usage:        0 bytes
 Hardware stack levels used:    1
 Hardware stack levels required when called:    4
 This function calls:
		Nothing
 This function is called by:
		_SYSTEM_Initialize
 This function uses a non-reentrant model


 *************** function _EUSART_Initialize *****************
 Defined at:
		line 65 in file "mcc_generated_files/eusart.c"
 Parameters:    Size  Location     Type
		None
 Auto vars:     Size  Location     Type
		None
 Return value:  Size  Location     Type
                  1    wreg      void 
 Registers used:
		wreg, status,2, status,0, cstack
 Tracked objects:
		On entry : 
		On exit  : 
		Unchanged: 
 Data sizes:     COMRAM   BANK0   BANK1   BANK2   BANK3   BANK4   BANK5   BANK6   BANK7   BANK8   BANK9  BANK10  BANK11  BANK12  BANK13  BANK14  BANK15
      Params:         0       0       0       0       0       0       0       0       0       0       0       0       0       0       0       0       0
      Locals:         0       0       0       0       0       0       0       0       0       0       0       0       0       0       0       0       0
      Temps:          0       0       0       0       0       0       0       0       0       0       0       0       0       0       0       0       0
      Totals:         0       0       0       0       0       0       0       0       0       0       0       0       0       0       0       0       0
Total ram usage:        0 bytes
 Hardware stack levels used:    1
 Hardware stack levels required when called:    5
 This function calls:
		_EUSART_SetErrorHandler
		_EUSART_SetFramingErrorHandler
		_EUSART_SetOverrunErrorHandler
 This function is called by:
		_SYSTEM_Initialize
 This function uses a non-reentrant model


 *************** function _EUSART_SetOverrunErrorHandler *****************
 Defined at:
		line 169 in file "mcc_generated_files/eusart.c"
 Parameters:    Size  Location     Type
  interruptHan    2    2[COMRAM] PTR FTN()void 
		 -> EUSART_DefaultOverrunErrorHandler(1), 
 Auto vars:     Size  Location     Type
		None
 Return value:  Size  Location     Type
                  1    wreg      void 
 Registers used:
		wreg, status,2, status,0
 Tracked objects:
		On entry : 
		On exit  : 
		Unchanged: 
 Data sizes:     COMRAM   BANK0   BANK1   BANK2   BANK3   BANK4   BANK5   BANK6   BANK7   BANK8   BANK9  BANK10  BANK11  BANK12  BANK13  BANK14  BANK15
      Params:         2       0       0       0       0       0       0       0       0       0       0       0       0       0       0       0       0
      Locals:         0       0       0       0       0       0       0       0       0       0       0       0       0       0       0       0       0
      Temps:          0       0       0       0       0       0       0       0       0       0       0       0       0       0       0       0       0
      Totals:         2       0       0       0       0       0       0       0       0       0       0       0       0       0       0       0       0
Total ram usage:        2 bytes
 Hardware stack levels used:    1
 Hardware stack levels required when called:    4
 This function calls:
		Nothing
 This function is called by:
		_EUSART_Initialize
 This function uses a non-reentrant model


 *************** function _EUSART_SetFramingErrorHandler *****************
 Defined at:
		line 165 in file "mcc_generated_files/eusart.c"
 Parameters:    Size  Location     Type
  interruptHan    2    2[COMRAM] PTR FTN()void 
		 -> EUSART_DefaultFramingErrorHandler(1), 
 Auto vars:     Size  Location     Type
		None
 Return value:  Size  Location     Type
                  1    wreg      void 
 Registers used:
		wreg, status,2, status,0
 Tracked objects:
		On entry : 
		On exit  : 
		Unchanged: 
 Data sizes:     COMRAM   BANK0   BANK1   BANK2   BANK3   BANK4   BANK5   BANK6   BANK7   BANK8   BANK9  BANK10  BANK11  BANK12  BANK13  BANK14  BANK15
      Params:         2       0       0       0       0       0       0       0       0       0       0       0       0       0       0       0       0
      Locals:         0       0       0       0       0       0       0       0       0       0       0       0       0       0       0       0       0
      Temps:          0       0       0       0       0       0       0       0       0       0       0       0       0       0       0       0       0
      Totals:         2       0       0       0       0       0       0       0       0       0       0       0       0       0       0       0       0
Total ram usage:        2 bytes
 Hardware stack levels used:    1
 Hardware stack levels required when called:    4
 This function calls:
		Nothing
 This function is called by:
		_EUSART_Initialize
 This function uses a non-reentrant model


 *************** function _EUSART_SetErrorHandler *****************
 Defined at:
		line 173 in file "mcc_generated_files/eusart.c"
 Parameters:    Size  Location     Type
  interruptHan    2    2[COMRAM] PTR FTN()void 
		 -> EUSART_DefaultErrorHandler(1), 
 Auto vars:     Size  Location     Type
		None
 Return value:  Size  Location     Type
                  1    wreg      void 
 Registers used:
		wreg, status,2, status,0
 Tracked objects:
		On entry : 
		On exit  : 
		Unchanged: 
 Data sizes:     COMRAM   BANK0   BANK1   BANK2   BANK3   BANK4   BANK5   BANK6   BANK7   BANK8   BANK9  BANK10  BANK11  BANK12  BANK13  BANK14  BANK15
      Params:         2       0       0       0       0       0       0       0       0       0       0       0       0       0       0       0       0
      Locals:         0       0       0       0       0       0       0       0       0       0       0       0       0       0       0       0       0
      Temps:          0       0       0       0       0       0       0       0       0       0       0       0       0       0       0       0       0
      Totals:         2       0       0       0       0       0       0       0       0       0       0       0       0       0       0       0       0
Total ram usage:        2 bytes
 Hardware stack levels used:    1
 Hardware stack levels required when called:    4
 This function calls:
		Nothing
 This function is called by:
		_EUSART_Initialize
 This function uses a non-reentrant model


 *************** function _ProcessPeriodic *****************
 Defined at:
		line 152 in file "Application.c"
 Parameters:    Size  Location     Type
		None
 Auto vars:     Size  Location     Type
  pf              2   20[COMRAM] PTR unsigned char 
		 -> ProcessPeriodic@StrCommand(45), 
 Return value:  Size  Location     Type
                  1    wreg      void 
 Registers used:
		wreg, fsr1l, fsr1h, fsr2l, fsr2h, status,2, status,0, pclath, tosl, tblptrl, tblptrh, tblptru, prodl, prodh, cstack
 Tracked objects:
		On entry : 
		On exit  : 
		Unchanged: 
 Data sizes:     COMRAM   BANK0   BANK1   BANK2   BANK3   BANK4   BANK5   BANK6   BANK7   BANK8   BANK9  BANK10  BANK11  BANK12  BANK13  BANK14  BANK15
      Params:         0       0       0       0       0       0       0       0       0       0       0       0       0       0       0       0       0
      Locals:         2       0       0       0       0       0       0       0       0       0       0       0       0       0       0       0       0
      Temps:          2       0       0       0       0       0       0       0       0       0       0       0       0       0       0       0       0
      Totals:         4       0       0       0       0       0       0       0       0       0       0       0       0       0       0       0       0
Total ram usage:        4 bytes
 Hardware stack levels used:    1
 Hardware stack levels required when called:    8
 This function calls:
		_GetsRS485
		_PrintData
		_PrintLed
		_SendBT
		_SendCX
		_SendSY
		_fifo_dequeue
		_fifo_queue
		_memcmp
 This function is called by:
		_main
 This function uses a non-reentrant model


 *************** function _memcmp *****************
 Defined at:
		line 3 in file "C:\Program Files (x86)\Microchip\xc8\v2.05\pic\sources\c99\common\memcmp.c"
 Parameters:    Size  Location     Type
  vl              2    2[COMRAM] PTR const void 
		 -> ProcessPeriodic@StrCommand(45), 
  vr              2    4[COMRAM] PTR const void 
		 -> ProcessVector.Str485Command(9), ProcessVector(36), 
  n               2    6[COMRAM] unsigned int 
 Auto vars:     Size  Location     Type
  r               2   12[COMRAM] PTR const unsigned char 
		 -> ProcessVector.Str485Command(9), ProcessVector(36), 
  l               2   10[COMRAM] PTR const unsigned char 
		 -> ProcessPeriodic@StrCommand(45), 
 Return value:  Size  Location     Type
                  2    2[COMRAM] int 
 Registers used:
		wreg, fsr1l, fsr1h, fsr2l, fsr2h, status,2, status,0
 Tracked objects:
		On entry : 
		On exit  : 
		Unchanged: 
 Data sizes:     COMRAM   BANK0   BANK1   BANK2   BANK3   BANK4   BANK5   BANK6   BANK7   BANK8   BANK9  BANK10  BANK11  BANK12  BANK13  BANK14  BANK15
      Params:         6       0       0       0       0       0       0       0       0       0       0       0       0       0       0       0       0
      Locals:         4       0       0       0       0       0       0       0       0       0       0       0       0       0       0       0       0
      Temps:          2       0       0       0       0       0       0       0       0       0       0       0       0       0       0       0       0
      Totals:        12       0       0       0       0       0       0       0       0       0       0       0       0       0       0       0       0
Total ram usage:       12 bytes
 Hardware stack levels used:    1
 Hardware stack levels required when called:    4
 This function calls:
		Nothing
 This function is called by:
		_ProcessPeriodic
 This function uses a non-reentrant model


 *************** function _fifo_queue *****************
 Defined at:
		line 46 in file "Queue.c"
 Parameters:    Size  Location     Type
  p_fifo          2    2[COMRAM] PTR struct .
		 -> AplicationQueue(24), 
  p_data          1    4[COMRAM] unsigned char 
 Auto vars:     Size  Location     Type
  result          1    0        unsigned char 
 Return value:  Size  Location     Type
                  1    wreg      unsigned char 
 Registers used:
		wreg, fsr1l, fsr1h, fsr2l, fsr2h, status,2, status,0
 Tracked objects:
		On entry : 
		On exit  : 
		Unchanged: 
 Data sizes:     COMRAM   BANK0   BANK1   BANK2   BANK3   BANK4   BANK5   BANK6   BANK7   BANK8   BANK9  BANK10  BANK11  BANK12  BANK13  BANK14  BANK15
      Params:         3       0       0       0       0       0       0       0       0       0       0       0       0       0       0       0       0
      Locals:         1       0       0       0       0       0       0       0       0       0       0       0       0       0       0       0       0
[...]
      Totals:         8       0       0       0       0       0       0       0       0       0       0       0       0       0       0       0       0
Total ram usage:        8 bytes
 Hardware stack levels used:    1
 Hardware stack levels required when called:    5
 This function calls:
		_Ws0010BufGotoXY
		___awdiv
 This function is called by:
		_ProcessInit
 This function uses a non-reentrant model


 *************** function ___awdiv *****************
 Defined at:
		line 7 in file "C:\Program Files (x86)\Microchip\xc8\v2.05\pic\sources\c99\common\awdiv.c"
 Parameters:    Size  Location     Type
  dividend        2    2[COMRAM] int 
  divisor         2    4[COMRAM] int 
 Auto vars:     Size  Location     Type
  quotient        2    8[COMRAM] int 
  sign            1    7[COMRAM] unsigned char 
  counter         1    6[COMRAM] unsigned char 
 Return value:  Size  Location     Type
                  2    2[COMRAM] int 
 Registers used:
		wreg, status,2, status,0
 Tracked objects:
		On entry : 
		On exit  : 
		Unchanged: 
 Data sizes:     COMRAM   BANK0   BANK1   BANK2   BANK3   BANK4   BANK5   BANK6   BANK7   BANK8   BANK9  BANK10  BANK11  BANK12  BANK13  BANK14  BANK15
      Params:         4       0       0       0       0       0       0       0       0       0       0       0       0       0       0       0       0
      Locals:         4       0       0       0       0       0       0       0       0       0       0       0       0       0       0       0       0
      Temps:          0       0       0       0       0       0       0       0       0       0       0       0       0       0       0       0       0
      Totals:         8       0       0       0       0       0       0       0       0       0       0       0       0       0       0       0       0
Total ram usage:        8 bytes
 Hardware stack levels used:    1
 Hardware stack levels required when called:    4
 This function calls:
		Nothing
 This function is called by:
		_Ws0010BufBitmap
		_Ws0010Bufu8
 This function uses a non-reentrant model


 *************** function _Ws0010BufGotoXY *****************
 Defined at:
		line 135 in file "WS0010.c"
 Parameters:    Size  Location     Type
  posx            1    wreg     unsigned char 
  posy            1    2[COMRAM] unsigned char 
 Auto vars:     Size  Location     Type
  posx            1    5[COMRAM] unsigned char 
 Return value:  Size  Location     Type
                  1    wreg      void 
 Registers used:
		wreg, status,2, status,0, prodl, prodh
 Tracked objects:
		On entry : 
		On exit  : 
		Unchanged: 
 Data sizes:     COMRAM   BANK0   BANK1   BANK2   BANK3   BANK4   BANK5   BANK6   BANK7   BANK8   BANK9  BANK10  BANK11  BANK12  BANK13  BANK14  BANK15
      Params:         1       0       0       0       0       0       0       0       0       0       0       0       0       0       0       0       0
      Locals:         1       0       0       0       0       0       0       0       0       0       0       0       0       0       0       0       0
      Temps:          2       0       0       0       0       0       0       0       0       0       0       0       0       0       0       0       0
      Totals:         4       0       0       0       0       0       0       0       0       0       0       0       0       0       0       0       0
Total ram usage:        4 bytes
 Hardware stack levels used:    1
 Hardware stack levels required when called:    4
 This function calls:
		Nothing
 This function is called by:
		_ProcessInit
		_PrintLed
		_PrintData
		_Ws0010Buf9x16Char
		_Ws0010BufBitmap
 This function uses a non-reentrant model


 *************** function _TMR0_SetInterruptHandler *****************
 Defined at:
		line 164 in file "mcc_generated_files/tmr0.c"
 Parameters:    Size  Location     Type
  InterruptHan    2    2[COMRAM] PTR FTN()void 
		 -> SetTick1S(1), 
 Auto vars:     Size  Location     Type
		None
 Return value:  Size  Location     Type
                  1    wreg      void 
 Registers used:
		wreg, status,2, status,0
 Tracked objects:
		On entry : 
		On exit  : 
		Unchanged: 
 Data sizes:     COMRAM   BANK0   BANK1   BANK2   BANK3   BANK4   BANK5   BANK6   BANK7   BANK8   BANK9  BANK10  BANK11  BANK12  BANK13  BANK14  BANK15
      Params:         2       0       0       0       0       0       0       0       0       0       0       0       0       0       0       0       0
      Locals:         0       0       0       0       0       0       0       0       0       0       0       0       0       0       0       0       0
      Temps:          0       0       0       0       0       0       0       0       0       0       0       0       0       0       0       0       0
      Totals:         2       0       0       0       0       0       0       0       0       0       0       0       0       0       0       0       0
Total ram usage:        2 bytes
 Hardware stack levels used:    1
 Hardware stack levels required when called:    4
 This function calls:
		Nothing
 This function is called by:
		_ProcessInit
 This function uses a non-reentrant model


 *************** function _SetProcessFunc *****************
 Defined at:
		line 111 in file "Application.c"
 Parameters:    Size  Location     Type
  Index           1    wreg     unsigned char 
  Command         2   13[COMRAM] PTR unsigned char 
		 -> STR_6(3), STR_5(3), STR_4(3), 
  Size            1   15[COMRAM] unsigned char 
  FunctionHand    2   16[COMRAM] PTR FTN()void 
		 -> SendBT(1), SendSY(1), SendCX(1), 
 Auto vars:     Size  Location     Type
  Index           1   18[COMRAM] unsigned char 
 Return value:  Size  Location     Type
                  1    wreg      void 
 Registers used:
		wreg, fsr2l, fsr2h, status,2, status,0, tblptrl, tblptrh, tblptru, prodl, prodh, cstack
 Tracked objects:
		On entry : 
		On exit  : 
		Unchanged: 
 Data sizes:     COMRAM   BANK0   BANK1   BANK2   BANK3   BANK4   BANK5   BANK6   BANK7   BANK8   BANK9  BANK10  BANK11  BANK12  BANK13  BANK14  BANK15
      Params:         5       0       0       0       0       0       0       0       0       0       0       0       0       0       0       0       0
      Locals:         1       0       0       0       0       0       0       0       0       0       0       0       0       0       0       0       0
      Temps:          0       0       0       0       0       0       0       0       0       0       0       0       0       0       0       0       0
      Totals:         6       0       0       0       0       0       0       0       0       0       0       0       0       0       0       0       0
Total ram usage:        6 bytes
 Hardware stack levels used:    1
 Hardware stack levels required when called:    5
 This function calls:
		_memcpy
 This function is called by:
		_ProcessInit
 This function uses a non-reentrant model


 *************** function _memcpy *****************
 Defined at:
		line 4 in file "C:\Program Files (x86)\Microchip\xc8\v2.05\pic\sources\c99\common\memcpy.c"
 Parameters:    Size  Location     Type
  d1              2    2[COMRAM] PTR void 
		 -> ProcessVector(36), 
  s1              2    4[COMRAM] PTR const void 
		 -> STR_6(3), STR_5(3), STR_4(3), 
  n               2    6[COMRAM] unsigned int 
 Auto vars:     Size  Location     Type
  s               2   10[COMRAM] PTR const unsigned char 
		 -> STR_6(3), STR_5(3), STR_4(3), 
  d               2    8[COMRAM] PTR unsigned char 
		 -> ProcessVector(36), 
  tmp             1   12[COMRAM] unsigned char 
 Return value:  Size  Location     Type
                  2    2[COMRAM] PTR void 
 Registers used:
		wreg, fsr2l, fsr2h, status,2, status,0, tblptrl, tblptrh, tblptru
 Tracked objects:
		On entry : 
		On exit  : 
		Unchanged: 
 Data sizes:     COMRAM   BANK0   BANK1   BANK2   BANK3   BANK4   BANK5   BANK6   BANK7   BANK8   BANK9  BANK10  BANK11  BANK12  BANK13  BANK14  BANK15
      Params:         6       0       0       0       0       0       0       0       0       0       0       0       0       0       0       0       0
      Locals:         5       0       0       0       0       0       0       0       0       0       0       0       0       0       0       0       0
      Temps:          0       0       0       0       0       0       0       0       0       0       0       0       0       0       0       0       0
      Totals:        11       0       0       0       0       0       0       0       0       0       0       0       0       0       0       0       0
Total ram usage:       11 bytes
 Hardware stack levels used:    1
 Hardware stack levels required when called:    4
 This function calls:
		Nothing
 This function is called by:
		_SetProcessFunc
 This function uses a non-reentrant model


 *************** function _DelayLongo *****************
 Defined at:
		line 25 in file "WS0010.c"
 Parameters:    Size  Location     Type
		None
 Auto vars:     Size  Location     Type
  f               1    4[COMRAM] unsigned char 
 Return value:  Size  Location     Type
                  1    wreg      void 
 Registers used:
		wreg, status,2, status,0
 Tracked objects:
		On entry : 
		On exit  : 
		Unchanged: 
 Data sizes:     COMRAM   BANK0   BANK1   BANK2   BANK3   BANK4   BANK5   BANK6   BANK7   BANK8   BANK9  BANK10  BANK11  BANK12  BANK13  BANK14  BANK15
      Params:         0       0       0       0       0       0       0       0       0       0       0       0       0       0       0       0       0
      Locals:         1       0       0       0       0       0       0       0       0       0       0       0       0       0       0       0       0
      Temps:          2       0       0       0       0       0       0       0       0       0       0       0       0       0       0       0       0
      Totals:         3       0       0       0       0       0       0       0       0       0       0       0       0       0       0       0       0
Total ram usage:        3 bytes
 Hardware stack levels used:    1
 Hardware stack levels required when called:    4
 This function calls:
		Nothing
 This function is called by:
		_ProcessInit
 This function uses a non-reentrant model


 *************** function _INTERRUPT_InterruptManagerHigh *****************
 Defined at:
		line 65 in file "mcc_generated_files/interrupt_manager.c"
 Parameters:    Size  Location     Type
		None
 Auto vars:     Size  Location     Type
		None
 Return value:  Size  Location     Type
                  1    wreg      void 
 Registers used:
		wreg, status,2, status,0, pclath, tosl, cstack
 Tracked objects:
		On entry : 
		On exit  : 
		Unchanged: 
 Data sizes:     COMRAM   BANK0   BANK1   BANK2   BANK3   BANK4   BANK5   BANK6   BANK7   BANK8   BANK9  BANK10  BANK11  BANK12  BANK13  BANK14  BANK15
      Params:         0       0       0       0       0       0       0       0       0       0       0       0       0       0       0       0       0
      Locals:         0       0       0       0       0       0       0       0       0       0       0       0       0       0       0       0       0
      Temps:          2       0       0       0       0       0       0       0       0       0       0       0       0       0       0       0       0
      Totals:         2       0       0       0       0       0       0       0       0       0       0       0       0       0       0       0       0
Total ram usage:        2 bytes
 Hardware stack levels used:    1
 Hardware stack levels required when called:    3
 This function calls:
		_TMR0_ISR
 This function is called by:
		Interrupt level 2
 This function uses a non-reentrant model


 *************** function _TMR0_ISR *****************
 Defined at:
		line 136 in file "mcc_generated_files/tmr0.c"
 Parameters:    Size  Location     Type
		None
 Auto vars:     Size  Location     Type
		None
 Return value:  Size  Location     Type
                  1    wreg      void 
 Registers used:
		wreg, status,2, status,0, pclath, tosl, cstack
 Tracked objects:
		On entry : 
		On exit  : 
		Unchanged: 
 Data sizes:     COMRAM   BANK0   BANK1   BANK2   BANK3   BANK4   BANK5   BANK6   BANK7   BANK8   BANK9  BANK10  BANK11  BANK12  BANK13  BANK14  BANK15
      Params:         0       0       0       0       0       0       0       0       0       0       0       0       0       0       0       0       0
      Locals:         0       0       0       0       0       0       0       0       0       0       0       0       0       0       0       0       0
      Temps:          0       0       0       0       0       0       0       0       0       0       0       0       0       0       0       0       0
      Totals:         0       0       0       0       0       0       0       0       0       0       0       0       0       0       0       0       0
Total ram usage:        0 bytes
 Hardware stack levels used:    1
 Hardware stack levels required when called:    2
 This function calls:
		_TMR0_CallBack
 This function is called by:
		_INTERRUPT_InterruptManagerHigh
 This function uses a non-reentrant model


 *************** function _TMR0_CallBack *****************
 Defined at:
		line 154 in file "mcc_generated_files/tmr0.c"
 Parameters:    Size  Location     Type
		None
 Auto vars:     Size  Location     Type
		None
 Return value:  Size  Location     Type
                  1    wreg      void 
 Registers used:
		wreg, status,2, status,0, pclath, tosl, cstack
 Tracked objects:
		On entry : 
		On exit  : 
		Unchanged: 
 Data sizes:     COMRAM   BANK0   BANK1   BANK2   BANK3   BANK4   BANK5   BANK6   BANK7   BANK8   BANK9  BANK10  BANK11  BANK12  BANK13  BANK14  BANK15
      Params:         0       0       0       0       0       0       0       0       0       0       0       0       0       0       0       0       0
      Locals:         0       0       0       0       0       0       0       0       0       0       0       0       0       0       0       0       0
      Temps:          0       0       0       0       0       0       0       0       0       0       0       0       0       0       0       0       0
      Totals:         0       0       0       0       0       0       0       0       0       0       0       0       0       0       0       0       0
Total ram usage:        0 bytes
 Hardware stack levels used:    1
 Hardware stack levels required when called:    1
 This function calls:
		Absolute function
		_SetTick1S
 This function is called by:
		_TMR0_ISR
 This function uses a non-reentrant model


 *************** function _SetTick1S *****************
 Defined at:
		line 62 in file "Application.c"
 Parameters:    Size  Location     Type
		None
 Auto vars:     Size  Location     Type
		None
 Return value:  Size  Location     Type
                  1    wreg      void 
 Registers used:
		wreg, status,2, status,0
 Tracked objects:
		On entry : 
		On exit  : 
		Unchanged: 
 Data sizes:     COMRAM   BANK0   BANK1   BANK2   BANK3   BANK4   BANK5   BANK6   BANK7   BANK8   BANK9  BANK10  BANK11  BANK12  BANK13  BANK14  BANK15
      Params:         0       0       0       0       0       0       0       0       0       0       0       0       0       0       0       0       0
      Locals:         0       0       0       0       0       0       0       0       0       0       0       0       0       0       0       0       0
      Temps:          0       0       0       0       0       0       0       0       0       0       0       0       0       0       0       0       0
      Totals:         0       0       0       0       0       0       0       0       0       0       0       0       0       0       0       0       0
Total ram usage:        0 bytes
 Hardware stack levels used:    1
 This function calls:
		Nothing
 This function is called by:
		_ProcessInit
		_TMR0_CallBack
 This function uses a non-reentrant model



MODULE INFORMATION

Module		Function		Class		Link	Load	Size
mcc_generated_files/interrupt_manager.c
		_INTERRUPT_Initialize		CODE           	0FD4	0000	7
		_INTERRUPT_InterruptManagerHigh		CODE           	0008	0000	33

mcc_generated_files/interrupt_manager.c estimated size: 40

Queue.c
		_fifo_queue    		CODE           	07D6	0000	171
		_fifo_init     		CODE           	0B08	0000	87
		_fifo_dequeue  		CODE           	059C	0000	207

Queue.c estimated size: 465

Rs485.c
		_GetsRS485     		CODE           	0DB0	0000	51
		_PutsRS485     		CODE           	0B5E	0000	85

Rs485.c estimated size: 136

mcc_generated_files/tmr0.c
		_TMR0_SetInterruptHandler		CODE           	0FCA	0000	11
		_TMR0_CallBack 		CODE           	0ECE	0000	31
		_TMR0_ISR      		CODE           	0F44	0000	17
		_TMR0_Initialize		CODE           	0E3E	0000	43

mcc_generated_files/tmr0.c estimated size: 102

mcc_generated_files/pin_manager.c
		_PIN_MANAGER_Initialize		CODE           	0D46	0000	57

mcc_generated_files/pin_manager.c estimated size: 57

C:\Program Files (x86)\Microchip\xc8\v2.05\pic\sources\c99\common\strlen.c
		_strlen        		CODE           	0DE2	0000	49

C:\Program Files (x86)\Microchip\xc8\v2.05\pic\sources\c99\common\strlen.c estimated size: 49

WS0010.c
		_Ws0010Buf5x7Char		CODE           	04C2	0000	219
		_Ws0010PutGotoXY		CODE           	0EEC	0000	29
		_Ws0010Refresh 		CODE           	0C4C	0000	67
		_Ws0010Buf9x16Char		CODE           	0390	0000	307
		_DelayLongo    		CODE           	0E8C	0000	37
		_Ws0010BufGotoXY		CODE           	0E68	0000	37
		_Ws0010BufBitmap		CODE           	066A	0000	185
		_Ws0010BufPatern		CODE           	0D7E	0000	51
		_Ws0010PutByte 		CODE           	0722	0000	181
		_Ws0010Init    		CODE           	09A6	0000	125

WS0010.c estimated size: 1238

Application.c
		_SetTick1S     		CODE           	0D0C	0000	59
		_SetProcessFunc		CODE           	0BB2	0000	83
		_SendCX        		CODE           	0F62	0000	15
		_ProcessPeriodic		CODE           	002C	0000	549
		_SendSY        		CODE           	0F70	0000	15
		_PrintData     		CODE           	0250	0000	321
		_SendBT        		CODE           	0F54	0000	15
		_ProcessInit   		CODE           	0880	0000	163
		_PrintLed      		CODE           	0C8E	0000	65

Application.c estimated size: 1285

C:\Program Files (x86)\Microchip\xc8\v2.05\pic\sources\c99\common\awdiv.c
		___awdiv       		CODE           	0922	0000	133

C:\Program Files (x86)\Microchip\xc8\v2.05\pic\sources\c99\common\awdiv.c estimated size: 133

shared
		__initialization		CODE           	0A9A	0000	101
		_LogoClk       		MEDIUMCONST    	FCFE	0000	181
		_ascii_table4x6		MEDIUMCONST    	F8C5	0000	381
		_ascii_table5x7		MEDIUMCONST    	FA41	0000	486
		_ascii_table9x16		MEDIUMCONST    	FC26	0000	217

shared estimated size: 1366

mcc_generated_files/mcc.c
		_OSCILLATOR_Initialize		CODE           	0FA2	0000	11
		_SYSTEM_Initialize		CODE           	0F08	0000	23

mcc_generated_files/mcc.c estimated size: 34

mcc_generated_files/eusart.c
		_EUSART_Read   		CODE           	0F1E	0000	21
		_EUSART_Write  		CODE           	0F8A	0000	13
		_EUSART_is_tx_done		CODE           	0F7E	0000	13
		_EUSART_Initialize		CODE           	0CCE	0000	63
		_EUSART_SetFramingErrorHandler		CODE           	0FB6	0000	11
		_EUSART_SetErrorHandler		CODE           	0FC0	0000	11
		_EUSART_SetOverrunErrorHandler		CODE           	0FAC	0000	11
		_EUSART_get_last_status		CODE           	0FDA	0000	5
		_EUSART_is_rx_ready		CODE           	0F96	0000	13

mcc_generated_files/eusart.c estimated size: 161

C:\Program Files (x86)\Microchip\xc8\v2.05\pic\sources\c99\common\memcmp.c
		_memcmp        		CODE           	0A22	0000	121

C:\Program Files (x86)\Microchip\xc8\v2.05\pic\sources\c99\common\memcmp.c estimated size: 121

C:\Program Files (x86)\Microchip\xc8\v2.05\pic\sources\c99\common\memcpy.c
		_memcpy        		CODE           	0C04	0000	73

C:\Program Files (x86)\Microchip\xc8\v2.05\pic\sources\c99\common\memcpy.c estimated size: 73

main.c
		_main          		CODE           	0F32	0000	19

main.c estimated size: 19

