Archive member included to satisfy reference by file (symbol)

c:/st/stm32cubeide_1.0.0/stm32cubeide/plugins/com.st.stm32cube.ide.mcu.externaltools.gnu-tools-for-stm32.7-2018-q2-update.win32_1.0.0.201904181610/tools/bin/../lib/gcc/arm-none-eabi/7.3.1/../../../../arm-none-eabi/lib/thumb/v6-m\libc_nano.a(lib_a-exit.o)
                              c:/st/stm32cubeide_1.0.0/stm32cubeide/plugins/com.st.stm32cube.ide.mcu.externaltools.gnu-tools-for-stm32.7-2018-q2-update.win32_1.0.0.201904181610/tools/bin/../lib/gcc/arm-none-eabi/7.3.1/../../../../arm-none-eabi/lib/thumb/v6-m/crt0.o (exit)
c:/st/stm32cubeide_1.0.0/stm32cubeide/plugins/com.st.stm32cube.ide.mcu.externaltools.gnu-tools-for-stm32.7-2018-q2-update.win32_1.0.0.201904181610/tools/bin/../lib/gcc/arm-none-eabi/7.3.1/../../../../arm-none-eabi/lib/thumb/v6-m\libc_nano.a(lib_a-impure.o)
                              c:/st/stm32cubeide_1.0.0/stm32cubeide/plugins/com.st.stm32cube.ide.mcu.externaltools.gnu-tools-for-stm32.7-2018-q2-update.win32_1.0.0.201904181610/tools/bin/../lib/gcc/arm-none-eabi/7.3.1/../../../../arm-none-eabi/lib/thumb/v6-m\libc_nano.a(lib_a-exit.o) (_global_impure_ptr)
c:/st/stm32cubeide_1.0.0/stm32cubeide/plugins/com.st.stm32cube.ide.mcu.externaltools.gnu-tools-for-stm32.7-2018-q2-update.win32_1.0.0.201904181610/tools/bin/../lib/gcc/arm-none-eabi/7.3.1/../../../../arm-none-eabi/lib/thumb/v6-m\libc_nano.a(lib_a-init.o)
                              c:/st/stm32cubeide_1.0.0/stm32cubeide/plugins/com.st.stm32cube.ide.mcu.externaltools.gnu-tools-for-stm32.7-2018-q2-update.win32_1.0.0.201904181610/tools/bin/../lib/gcc/arm-none-eabi/7.3.1/../../../../arm-none-eabi/lib/thumb/v6-m/crt0.o (__libc_init_array)
c:/st/stm32cubeide_1.0.0/stm32cubeide/plugins/com.st.stm32cube.ide.mcu.externaltools.gnu-tools-for-stm32.7-2018-q2-update.win32_1.0.0.201904181610/tools/bin/../lib/gcc/arm-none-eabi/7.3.1/../../../../arm-none-eabi/lib/thumb/v6-m\libc_nano.a(lib_a-memset.o)
                              c:/st/stm32cubeide_1.0.0/stm32cubeide/plugins/com.st.stm32cube.ide.mcu.externaltools.gnu-tools-for-stm32.7-2018-q2-update.win32_1.0.0.201904181610/tools/bin/../lib/gcc/arm-none-eabi/7.3.1/../../../../arm-none-eabi/lib/thumb/v6-m/crt0.o (memset)
c:/st/stm32cubeide_1.0.0/stm32cubeide/plugins/com.st.stm32cube.ide.mcu.externaltools.gnu-tools-for-stm32.7-2018-q2-update.win32_1.0.0.201904181610/tools/bin/../lib/gcc/arm-none-eabi/7.3.1/thumb/v6-m\libgcc.a(_udivsi3.o)
                              Core/Src/system_stm32f0xx.o (__aeabi_uidiv)
c:/st/stm32cubeide_1.0.0/stm32cubeide/plugins/com.st.stm32cube.ide.mcu.externaltools.gnu-tools-for-stm32.7-2018-q2-update.win32_1.0.0.201904181610/tools/bin/../lib/gcc/arm-none-eabi/7.3.1/thumb/v6-m\libgcc.a(_dvmd_tls.o)
                              c:/st/stm32cubeide_1.0.0/stm32cubeide/plugins/com.st.stm32cube.ide.mcu.externaltools.gnu-tools-for-stm32.7-2018-q2-update.win32_1.0.0.201904181610/tools/bin/../lib/gcc/arm-none-eabi/7.3.1/thumb/v6-m\libgcc.a(_udivsi3.o) (__aeabi_idiv0)
c:/st/stm32cubeide_1.0.0/stm32cubeide/plugins/com.st.stm32cube.ide.mcu.externaltools.gnu-tools-for-stm32.7-2018-q2-update.win32_1.0.0.201904181610/tools/bin/../lib/gcc/arm-none-eabi/7.3.1/../../../../arm-none-eabi/lib/thumb/v6-m\libnosys.a(_exit.o)
                              c:/st/stm32cubeide_1.0.0/stm32cubeide/plugins/com.st.stm32cube.ide.mcu.externaltools.gnu-tools-for-stm32.7-2018-q2-update.win32_1.0.0.201904181610/tools/bin/../lib/gcc/arm-none-eabi/7.3.1/../../../../arm-none-eabi/lib/thumb/v6-m\libc_nano.a(lib_a-exit.o) (_exit)

Allocating common symbols
Common symbol       size              file

uwTick              0x4               Drivers/STM32F0xx_HAL_Driver/Src/stm32f0xx_hal.o
pFlash              0x20              Drivers/STM32F0xx_HAL_Driver/Src/stm32f0xx_hal_flash.o

Discarded input sections

 .text          0x0000000000000000        0x0 c:/st/stm32cubeide_1.0.0/stm32cubeide/plugins/com.st.stm32cube.ide.mcu.externaltools.gnu-tools-for-stm32.7-2018-q2-update.win32_1.0.0.201904181610/tools/bin/../lib/gcc/arm-none-eabi/7.3.1/thumb/v6-m/crti.o
 .data          0x0000000000000000        0x0 c:/st/stm32cubeide_1.0.0/stm32cubeide/plugins/com.st.stm32cube.ide.mcu.externaltools.gnu-tools-for-stm32.7-2018-q2-update.win32_1.0.0.201904181610/tools/bin/../lib/gcc/arm-none-eabi/7.3.1/thumb/v6-m/crti.o
 .bss           0x0000000000000000        0x0 c:/st/stm32cubeide_1.0.0/stm32cubeide/plugins/com.st.stm32cube.ide.mcu.externaltools.gnu-tools-for-stm32.7-2018-q2-update.win32_1.0.0.201904181610/tools/bin/../lib/gcc/arm-none-eabi/7.3.1/thumb/v6-m/crti.o
 .data          0x0000000000000000        0x4 c:/st/stm32cubeide_1.0.0/stm32cubeide/plugins/com.st.stm32cube.ide.mcu.externaltools.gnu-tools-for-stm32.7-2018-q2-update.win32_1.0.0.201904181610/tools/bin/../lib/gcc/arm-none-eabi/7.3.1/thumb/v6-m/crtbegin.o
[...]
Memory Configuration

Name             Origin             Length             Attributes
RAM              0x0000000020000000 0x0000000000002000 xrw
FLASH            0x0000000008000000 0x0000000000010000 xr
*default*        0x0000000000000000 0xffffffffffffffff

Linker script and memory map

LOAD c:/st/stm32cubeide_1.0.0/stm32cubeide/plugins/com.st.stm32cube.ide.mcu.externaltools.gnu-tools-for-stm32.7-2018-q2-update.win32_1.0.0.201904181610/tools/bin/../lib/gcc/arm-none-eabi/7.3.1/thumb/v6-m/crti.o
LOAD c:/st/stm32cubeide_1.0.0/stm32cubeide/plugins/com.st.stm32cube.ide.mcu.externaltools.gnu-tools-for-stm32.7-2018-q2-update.win32_1.0.0.201904181610/tools/bin/../lib/gcc/arm-none-eabi/7.3.1/thumb/v6-m/crtbegin.o
LOAD c:/st/stm32cubeide_1.0.0/stm32cubeide/plugins/com.st.stm32cube.ide.mcu.externaltools.gnu-tools-for-stm32.7-2018-q2-update.win32_1.0.0.201904181610/tools/bin/../lib/gcc/arm-none-eabi/7.3.1/../../../../arm-none-eabi/lib/thumb/v6-m/crt0.o
LOAD Core/Src/gpio.o
LOAD Core/Src/main.o
LOAD Core/Src/stm32f0xx_hal_msp.o
LOAD Core/Src/stm32f0xx_it.o
LOAD Core/Src/system_stm32f0xx.o
LOAD Drivers/STM32F0xx_HAL_Driver/Src/stm32f0xx_hal.o
LOAD Drivers/STM32F0xx_HAL_Driver/Src/stm32f0xx_hal_cortex.o
LOAD Drivers/STM32F0xx_HAL_Driver/Src/stm32f0xx_hal_dma.o
LOAD Drivers/STM32F0xx_HAL_Driver/Src/stm32f0xx_hal_flash.o
LOAD Drivers/STM32F0xx_HAL_Driver/Src/stm32f0xx_hal_flash_ex.o
LOAD Drivers/STM32F0xx_HAL_Driver/Src/stm32f0xx_hal_gpio.o
LOAD Drivers/STM32F0xx_HAL_Driver/Src/stm32f0xx_hal_i2c.o
LOAD Drivers/STM32F0xx_HAL_Driver/Src/stm32f0xx_hal_i2c_ex.o
LOAD Drivers/STM32F0xx_HAL_Driver/Src/stm32f0xx_hal_pwr.o
LOAD Drivers/STM32F0xx_HAL_Driver/Src/stm32f0xx_hal_pwr_ex.o
LOAD Drivers/STM32F0xx_HAL_Driver/Src/stm32f0xx_hal_rcc.o
LOAD Drivers/STM32F0xx_HAL_Driver/Src/stm32f0xx_hal_rcc_ex.o
LOAD Drivers/STM32F0xx_HAL_Driver/Src/stm32f0xx_hal_tim.o
LOAD Drivers/STM32F0xx_HAL_Driver/Src/stm32f0xx_hal_tim_ex.o
LOAD Startup/startup_stm32f030c8tx.o
START GROUP
LOAD c:/st/stm32cubeide_1.0.0/stm32cubeide/plugins/com.st.stm32cube.ide.mcu.externaltools.gnu-tools-for-stm32.7-2018-q2-update.win32_1.0.0.201904181610/tools/bin/../lib/gcc/arm-none-eabi/7.3.1/../../../../arm-none-eabi/lib/thumb/v6-m\libc_nano.a
LOAD c:/st/stm32cubeide_1.0.0/stm32cubeide/plugins/com.st.stm32cube.ide.mcu.externaltools.gnu-tools-for-stm32.7-2018-q2-update.win32_1.0.0.201904181610/tools/bin/../lib/gcc/arm-none-eabi/7.3.1/../../../../arm-none-eabi/lib/thumb/v6-m\libm.a
END GROUP
START GROUP
LOAD c:/st/stm32cubeide_1.0.0/stm32cubeide/plugins/com.st.stm32cube.ide.mcu.externaltools.gnu-tools-for-stm32.7-2018-q2-update.win32_1.0.0.201904181610/tools/bin/../lib/gcc/arm-none-eabi/7.3.1/thumb/v6-m\libgcc.a
LOAD c:/st/stm32cubeide_1.0.0/stm32cubeide/plugins/com.st.stm32cube.ide.mcu.externaltools.gnu-tools-for-stm32.7-2018-q2-update.win32_1.0.0.201904181610/tools/bin/../lib/gcc/arm-none-eabi/7.3.1/../../../../arm-none-eabi/lib/thumb/v6-m\libc_nano.a
END GROUP
START GROUP
LOAD c:/st/stm32cubeide_1.0.0/stm32cubeide/plugins/com.st.stm32cube.ide.mcu.externaltools.gnu-tools-for-stm32.7-2018-q2-update.win32_1.0.0.201904181610/tools/bin/../lib/gcc/arm-none-eabi/7.3.1/thumb/v6-m\libgcc.a
LOAD c:/st/stm32cubeide_1.0.0/stm32cubeide/plugins/com.st.stm32cube.ide.mcu.externaltools.gnu-tools-for-stm32.7-2018-q2-update.win32_1.0.0.201904181610/tools/bin/../lib/gcc/arm-none-eabi/7.3.1/../../../../arm-none-eabi/lib/thumb/v6-m\libc_nano.a
LOAD c:/st/stm32cubeide_1.0.0/stm32cubeide/plugins/com.st.stm32cube.ide.mcu.externaltools.gnu-tools-for-stm32.7-2018-q2-update.win32_1.0.0.201904181610/tools/bin/../lib/gcc/arm-none-eabi/7.3.1/../../../../arm-none-eabi/lib/thumb/v6-m\libnosys.a
END GROUP
START GROUP
LOAD c:/st/stm32cubeide_1.0.0/stm32cubeide/plugins/com.st.stm32cube.ide.mcu.externaltools.gnu-tools-for-stm32.7-2018-q2-update.win32_1.0.0.201904181610/tools/bin/../lib/gcc/arm-none-eabi/7.3.1/thumb/v6-m\libgcc.a
LOAD c:/st/stm32cubeide_1.0.0/stm32cubeide/plugins/com.st.stm32cube.ide.mcu.externaltools.gnu-tools-for-stm32.7-2018-q2-update.win32_1.0.0.201904181610/tools/bin/../lib/gcc/arm-none-eabi/7.3.1/../../../../arm-none-eabi/lib/thumb/v6-m\libc_nano.a
LOAD c:/st/stm32cubeide_1.0.0/stm32cubeide/plugins/com.st.stm32cube.ide.mcu.externaltools.gnu-tools-for-stm32.7-2018-q2-update.win32_1.0.0.201904181610/tools/bin/../lib/gcc/arm-none-eabi/7.3.1/../../../../arm-none-eabi/lib/thumb/v6-m\libnosys.a
END GROUP
LOAD c:/st/stm32cubeide_1.0.0/stm32cubeide/plugins/com.st.stm32cube.ide.mcu.externaltools.gnu-tools-for-stm32.7-2018-q2-update.win32_1.0.0.201904181610/tools/bin/../lib/gcc/arm-none-eabi/7.3.1/thumb/v6-m/crtend.o
LOAD c:/st/stm32cubeide_1.0.0/stm32cubeide/plugins/com.st.stm32cube.ide.mcu.externaltools.gnu-tools-for-stm32.7-2018-q2-update.win32_1.0.0.201904181610/tools/bin/../lib/gcc/arm-none-eabi/7.3.1/thumb/v6-m/crtn.o
                0x0000000020002000                _estack = 0x20002000
                0x0000000000000200                _Min_Heap_Size = 0x200
                0x0000000000000400                _Min_Stack_Size = 0x400

.isr_vector     0x0000000008000000       0xc0
                0x0000000008000000                . = ALIGN (0x4)
 *(.isr_vector)
 .isr_vector    0x0000000008000000       0xc0 Startup/startup_stm32f030c8tx.o
                0x0000000008000000                g_pfnVectors
                0x00000000080000c0                . = ALIGN (0x4)

.text           0x00000000080000c0     0x1950
                0x00000000080000c0                . = ALIGN (0x4)
 *(.text)
 .text          0x00000000080000c0       0x48 c:/st/stm32cubeide_1.0.0/stm32cubeide/plugins/com.st.stm32cube.ide.mcu.externaltools.gnu-tools-for-stm32.7-2018-q2-update.win32_1.0.0.201904181610/tools/bin/../lib/gcc/arm-none-eabi/7.3.1/thumb/v6-m/crtbegin.o
 .text          0x0000000008000108      0x114 c:/st/stm32cubeide_1.0.0/stm32cubeide/plugins/com.st.stm32cube.ide.mcu.externaltools.gnu-tools-for-stm32.7-2018-q2-update.win32_1.0.0.201904181610/tools/bin/../lib/gcc/arm-none-eabi/7.3.1/thumb/v6-m\libgcc.a(_udivsi3.o)
                0x0000000008000108                __aeabi_uidiv
                0x0000000008000108                __udivsi3
                0x0000000008000214                __aeabi_uidivmod
 .text          0x000000000800021c        0x4 c:/st/stm32cubeide_1.0.0/stm32cubeide/plugins/com.st.stm32cube.ide.mcu.externaltools.gnu-tools-for-stm32.7-2018-q2-update.win32_1.0.0.201904181610/tools/bin/../lib/gcc/arm-none-eabi/7.3.1/thumb/v6-m\libgcc.a(_dvmd_tls.o)
                0x000000000800021c                __aeabi_idiv0
                0x000000000800021c                __aeabi_ldiv0
 *(.text*)
 .text.MX_GPIO_Init
                0x0000000008000220      0x158 Core/Src/gpio.o
                0x0000000008000220                MX_GPIO_Init
 .text.main     0x0000000008000378       0x28 Core/Src/main.o
                0x0000000008000378                main
 .text.SystemClock_Config
                0x00000000080003a0       0x80 Core/Src/main.o
                0x00000000080003a0                SystemClock_Config
 .text.Error_Handler
                0x0000000008000420        0xa Core/Src/main.o
                0x0000000008000420                Error_Handler
 .text.assert_failed
                0x000000000800042a       0x12 Core/Src/main.o
                0x000000000800042a                assert_failed
 .text.HAL_MspInit
                0x000000000800043c       0x48 Core/Src/stm32f0xx_hal_msp.o
                0x000000000800043c                HAL_MspInit
 .text.NMI_Handler
                0x0000000008000484        0xa Core/Src/stm32f0xx_it.o
                0x0000000008000484                NMI_Handler
 .text.HardFault_Handler
                0x000000000800048e        0x6 Core/Src/stm32f0xx_it.o
                0x000000000800048e                HardFault_Handler
 .text.SVC_Handler
                0x0000000008000494        0xa Core/Src/stm32f0xx_it.o
                0x0000000008000494                SVC_Handler
 .text.PendSV_Handler
                0x000000000800049e        0xa Core/Src/stm32f0xx_it.o
                0x000000000800049e                PendSV_Handler
 .text.SysTick_Handler
                0x00000000080004a8        0xe Core/Src/stm32f0xx_it.o
                0x00000000080004a8                SysTick_Handler
 *fill*         0x00000000080004b6        0x2 
 .text.SystemInit
                0x00000000080004b8       0x88 Core/Src/system_stm32f0xx.o
                0x00000000080004b8                SystemInit
 .text.HAL_Init
                0x0000000008000540       0x28 Drivers/STM32F0xx_HAL_Driver/Src/stm32f0xx_hal.o
                0x0000000008000540                HAL_Init
 .text.HAL_InitTick
                0x0000000008000568       0x38 Drivers/STM32F0xx_HAL_Driver/Src/stm32f0xx_hal.o
                0x0000000008000568                HAL_InitTick
 .text.HAL_IncTick
                0x00000000080005a0       0x18 Drivers/STM32F0xx_HAL_Driver/Src/stm32f0xx_hal.o
                0x00000000080005a0                HAL_IncTick
 .text.HAL_GetTick
                0x00000000080005b8       0x14 Drivers/STM32F0xx_HAL_Driver/Src/stm32f0xx_hal.o
                0x00000000080005b8                HAL_GetTick
 .text.HAL_Delay
                0x00000000080005cc       0x3a Drivers/STM32F0xx_HAL_Driver/Src/stm32f0xx_hal.o
                0x00000000080005cc                HAL_Delay
 *fill*         0x0000000008000606        0x2 
 .text.NVIC_SetPriority
                0x0000000008000608       0xdc Drivers/STM32F0xx_HAL_Driver/Src/stm32f0xx_hal_cortex.o
 .text.SysTick_Config
                0x00000000080006e4       0x48 Drivers/STM32F0xx_HAL_Driver/Src/stm32f0xx_hal_cortex.o
 .text.HAL_NVIC_SetPriority
                0x000000000800072c       0x40 Drivers/STM32F0xx_HAL_Driver/Src/stm32f0xx_hal_cortex.o
                0x000000000800072c                HAL_NVIC_SetPriority
 .text.HAL_SYSTICK_Config
                0x000000000800076c       0x1a Drivers/STM32F0xx_HAL_Driver/Src/stm32f0xx_hal_cortex.o
                0x000000000800076c                HAL_SYSTICK_Config
 *fill*         0x0000000008000786        0x2 
 .text.HAL_GPIO_Init
                0x0000000008000788      0x44c Drivers/STM32F0xx_HAL_Driver/Src/stm32f0xx_hal_gpio.o
                0x0000000008000788                HAL_GPIO_Init
 .text.HAL_GPIO_WritePin
                0x0000000008000bd4       0x80 Drivers/STM32F0xx_HAL_Driver/Src/stm32f0xx_hal_gpio.o
                0x0000000008000bd4                HAL_GPIO_WritePin
 .text.HAL_GPIO_TogglePin
                0x0000000008000c54       0x48 Drivers/STM32F0xx_HAL_Driver/Src/stm32f0xx_hal_gpio.o
                0x0000000008000c54                HAL_GPIO_TogglePin
 .text.HAL_RCC_OscConfig
                0x0000000008000c9c      0x8dc Drivers/STM32F0xx_HAL_Driver/Src/stm32f0xx_hal_rcc.o
                0x0000000008000c9c                HAL_RCC_OscConfig
 .text.HAL_RCC_ClockConfig
                0x0000000008001578      0x2f8 Drivers/STM32F0xx_HAL_Driver/Src/stm32f0xx_hal_rcc.o
                0x0000000008001578                HAL_RCC_ClockConfig
 .text.HAL_RCC_GetSysClockFreq
                0x0000000008001870       0xc8 Drivers/STM32F0xx_HAL_Driver/Src/stm32f0xx_hal_rcc.o
                0x0000000008001870                HAL_RCC_GetSysClockFreq
 .text.HAL_RCC_GetHCLKFreq
                0x0000000008001938       0x14 Drivers/STM32F0xx_HAL_Driver/Src/stm32f0xx_hal_rcc.o
                0x0000000008001938                HAL_RCC_GetHCLKFreq
 .text.Reset_Handler
                0x000000000800194c       0x50 Startup/startup_stm32f030c8tx.o
                0x000000000800194c                Reset_Handler
 .text.Default_Handler
                0x000000000800199c        0x2 Startup/startup_stm32f030c8tx.o
                0x000000000800199c                TIM1_CC_IRQHandler
                0x000000000800199c                TIM6_IRQHandler
                0x000000000800199c                I2C1_IRQHandler
                0x000000000800199c                SPI1_IRQHandler
                0x000000000800199c                EXTI2_3_IRQHandler
                0x000000000800199c                ADC1_IRQHandler
                0x000000000800199c                I2C2_IRQHandler
                0x000000000800199c                TIM17_IRQHandler
                0x000000000800199c                RTC_IRQHandler
                0x000000000800199c                TIM16_IRQHandler
                0x000000000800199c                TIM3_IRQHandler
                0x000000000800199c                EXTI4_15_IRQHandler
                0x000000000800199c                RCC_IRQHandler
                0x000000000800199c                DMA1_Channel1_IRQHandler
                0x000000000800199c                Default_Handler
                0x000000000800199c                TIM14_IRQHandler
                0x000000000800199c                DMA1_Channel4_5_IRQHandler
                0x000000000800199c                TIM15_IRQHandler
                0x000000000800199c                EXTI0_1_IRQHandler
                0x000000000800199c                SPI2_IRQHandler
                0x000000000800199c                WWDG_IRQHandler
                0x000000000800199c                DMA1_Channel2_3_IRQHandler
                0x000000000800199c                USART2_IRQHandler
                0x000000000800199c                FLASH_IRQHandler
                0x000000000800199c                USART1_IRQHandler
                0x000000000800199c                TIM1_BRK_UP_TRG_COM_IRQHandler
 *fill*         0x000000000800199e        0x2 
 .text.__libc_init_array
                0x00000000080019a0       0x48 c:/st/stm32cubeide_1.0.0/stm32cubeide/plugins/com.st.stm32cube.ide.mcu.externaltools.gnu-tools-for-stm32.7-2018-q2-update.win32_1.0.0.201904181610/tools/bin/../lib/gcc/arm-none-eabi/7.3.1/../../../../arm-none-eabi/lib/thumb/v6-m\libc_nano.a(lib_a-init.o)
                0x00000000080019a0                __libc_init_array
 .text.memset   0x00000000080019e8       0x10 c:/st/stm32cubeide_1.0.0/stm32cubeide/plugins/com.st.stm32cube.ide.mcu.externaltools.gnu-tools-for-stm32.7-2018-q2-update.win32_1.0.0.201904181610/tools/bin/../lib/gcc/arm-none-eabi/7.3.1/../../../../arm-none-eabi/lib/thumb/v6-m\libc_nano.a(lib_a-memset.o)
                0x00000000080019e8                memset
 *(.glue_7)
 .glue_7        0x00000000080019f8        0x0 linker stubs
 *(.glue_7t)
 .glue_7t       0x00000000080019f8        0x0 linker stubs
 *(.eh_frame)
 .eh_frame      0x00000000080019f8        0x0 c:/st/stm32cubeide_1.0.0/stm32cubeide/plugins/com.st.stm32cube.ide.mcu.externaltools.gnu-tools-for-stm32.7-2018-q2-update.win32_1.0.0.201904181610/tools/bin/../lib/gcc/arm-none-eabi/7.3.1/thumb/v6-m/crtbegin.o
 *(.init)
 .init          0x00000000080019f8        0x4 c:/st/stm32cubeide_1.0.0/stm32cubeide/plugins/com.st.stm32cube.ide.mcu.externaltools.gnu-tools-for-stm32.7-2018-q2-update.win32_1.0.0.201904181610/tools/bin/../lib/gcc/arm-none-eabi/7.3.1/thumb/v6-m/crti.o
                0x00000000080019f8                _init
 .init          0x00000000080019fc        0x8 c:/st/stm32cubeide_1.0.0/stm32cubeide/plugins/com.st.stm32cube.ide.mcu.externaltools.gnu-tools-for-stm32.7-2018-q2-update.win32_1.0.0.201904181610/tools/bin/../lib/gcc/arm-none-eabi/7.3.1/thumb/v6-m/crtn.o
 *(.fini)
 .fini          0x0000000008001a04        0x4 c:/st/stm32cubeide_1.0.0/stm32cubeide/plugins/com.st.stm32cube.ide.mcu.externaltools.gnu-tools-for-stm32.7-2018-q2-update.win32_1.0.0.201904181610/tools/bin/../lib/gcc/arm-none-eabi/7.3.1/thumb/v6-m/crti.o
                0x0000000008001a04                _fini
 .fini          0x0000000008001a08        0x8 c:/st/stm32cubeide_1.0.0/stm32cubeide/plugins/com.st.stm32cube.ide.mcu.externaltools.gnu-tools-for-stm32.7-2018-q2-update.win32_1.0.0.201904181610/tools/bin/../lib/gcc/arm-none-eabi/7.3.1/thumb/v6-m/crtn.o
                0x0000000008001a10                . = ALIGN (0x4)
                0x0000000008001a10                _etext = .

.vfp11_veneer   0x0000000008001a10        0x0
 .vfp11_veneer  0x0000000008001a10        0x0 linker stubs

.v4_bx          0x0000000008001a10        0x0
 .v4_bx         0x0000000008001a10        0x0 linker stubs

.iplt           0x0000000008001a10        0x0
 .iplt          0x0000000008001a10        0x0 c:/st/stm32cubeide_1.0.0/stm32cubeide/plugins/com.st.stm32cube.ide.mcu.externaltools.gnu-tools-for-stm32.7-2018-q2-update.win32_1.0.0.201904181610/tools/bin/../lib/gcc/arm-none-eabi/7.3.1/thumb/v6-m/crtbegin.o

.rodata         0x0000000008001a10       0xe0
                0x0000000008001a10                . = ALIGN (0x4)
 *(.rodata)
 .rodata        0x0000000008001a10       0x3b Drivers/STM32F0xx_HAL_Driver/Src/stm32f0xx_hal_cortex.o
 *fill*         0x0000000008001a4b        0x1 
 .rodata        0x0000000008001a4c       0x39 Drivers/STM32F0xx_HAL_Driver/Src/stm32f0xx_hal_gpio.o
 *fill*         0x0000000008001a85        0x3 
 .rodata        0x0000000008001a88       0x58 Drivers/STM32F0xx_HAL_Driver/Src/stm32f0xx_hal_rcc.o
 *(.rodata*)
 .rodata.AHBPrescTable
                0x0000000008001ae0       0x10 Core/Src/system_stm32f0xx.o
                0x0000000008001ae0                AHBPrescTable
                0x0000000008001af0                . = ALIGN (0x4)

.rel.dyn        0x0000000008001af0        0x0
 .rel.iplt      0x0000000008001af0        0x0 c:/st/stm32cubeide_1.0.0/stm32cubeide/plugins/com.st.stm32cube.ide.mcu.externaltools.gnu-tools-for-stm32.7-2018-q2-update.win32_1.0.0.201904181610/tools/bin/../lib/gcc/arm-none-eabi/7.3.1/thumb/v6-m/crtbegin.o

.ARM.extab      0x0000000008001af0        0x0
                0x0000000008001af0                . = ALIGN (0x4)
 *(.ARM.extab* .gnu.linkonce.armextab.*)
                0x0000000008001af0                . = ALIGN (0x4)

.ARM            0x0000000008001af0        0x0
                0x0000000008001af0                . = ALIGN (0x4)
                0x0000000008001af0                __exidx_start = .
 *(.ARM.exidx*)
                0x0000000008001af0                __exidx_end = .
                0x0000000008001af0                . = ALIGN (0x4)

.preinit_array  0x0000000008001af0        0x0
                0x0000000008001af0                . = ALIGN (0x4)
                0x0000000008001af0                PROVIDE (__preinit_array_start = .)
 *(.preinit_array*)
                0x0000000008001af0                PROVIDE (__preinit_array_end = .)
                0x0000000008001af0                . = ALIGN (0x4)

.init_array     0x0000000008001af0        0x4
                0x0000000008001af0                . = ALIGN (0x4)
                0x0000000008001af0                PROVIDE (__init_array_start = .)
 *(SORT_BY_NAME(.init_array.*))
 *(.init_array*)
 .init_array    0x0000000008001af0        0x4 c:/st/stm32cubeide_1.0.0/stm32cubeide/plugins/com.st.stm32cube.ide.mcu.externaltools.gnu-tools-for-stm32.7-2018-q2-update.win32_1.0.0.201904181610/tools/bin/../lib/gcc/arm-none-eabi/7.3.1/thumb/v6-m/crtbegin.o
                0x0000000008001af4                PROVIDE (__init_array_end = .)
                0x0000000008001af4                . = ALIGN (0x4)

.fini_array     0x0000000008001af4        0x4
                0x0000000008001af4                . = ALIGN (0x4)
                [!provide]                        PROVIDE (__fini_array_start = .)
 *(SORT_BY_NAME(.fini_array.*))
 *(.fini_array*)
 .fini_array    0x0000000008001af4        0x4 c:/st/stm32cubeide_1.0.0/stm32cubeide/plugins/com.st.stm32cube.ide.mcu.externaltools.gnu-tools-for-stm32.7-2018-q2-update.win32_1.0.0.201904181610/tools/bin/../lib/gcc/arm-none-eabi/7.3.1/thumb/v6-m/crtbegin.o
                [!provide]                        PROVIDE (__fini_array_end = .)
                0x0000000008001af8                . = ALIGN (0x4)
                0x0000000008001af8                _sidata = LOADADDR (.data)

.data           0x0000000020000000        0x4 load address 0x0000000008001af8
                0x0000000020000000                . = ALIGN (0x4)
                0x0000000020000000                _sdata = .
 *(.data)
 *(.data*)
 .data.SystemCoreClock
                0x0000000020000000        0x4 Core/Src/system_stm32f0xx.o
                0x0000000020000000                SystemCoreClock
                0x0000000020000004                . = ALIGN (0x4)
                0x0000000020000004                _edata = .

.igot.plt       0x0000000020000004        0x0 load address 0x0000000008001afc
 .igot.plt      0x0000000020000004        0x0 c:/st/stm32cubeide_1.0.0/stm32cubeide/plugins/com.st.stm32cube.ide.mcu.externaltools.gnu-tools-for-stm32.7-2018-q2-update.win32_1.0.0.201904181610/tools/bin/../lib/gcc/arm-none-eabi/7.3.1/thumb/v6-m/crtbegin.o
                0x0000000020000004                . = ALIGN (0x4)

.bss            0x0000000020000004       0x20 load address 0x0000000008001afc
                0x0000000020000004                _sbss = .
                0x0000000020000004                __bss_start__ = _sbss
 *(.bss)
 .bss           0x0000000020000004       0x1c c:/st/stm32cubeide_1.0.0/stm32cubeide/plugins/com.st.stm32cube.ide.mcu.externaltools.gnu-tools-for-stm32.7-2018-q2-update.win32_1.0.0.201904181610/tools/bin/../lib/gcc/arm-none-eabi/7.3.1/thumb/v6-m/crtbegin.o
 *(.bss*)
 *(COMMON)
 COMMON         0x0000000020000020        0x4 Drivers/STM32F0xx_HAL_Driver/Src/stm32f0xx_hal.o
                0x0000000020000020                uwTick
                0x0000000020000024                . = ALIGN (0x4)
                0x0000000020000024                _ebss = .
                0x0000000020000024                __bss_end__ = _ebss

._user_heap_stack
                0x0000000020000024      0x604 load address 0x0000000008001afc
                0x0000000020000028                . = ALIGN (0x8)
 *fill*         0x0000000020000024        0x4 
                [!provide]                        PROVIDE (end = .)
                [!provide]                        PROVIDE (_end = .)
                0x0000000020000228                . = (. + _Min_Heap_Size)
 *fill*         0x0000000020000028      0x200 
                0x0000000020000628                . = (. + _Min_Stack_Size)
 *fill*         0x0000000020000228      0x400 
                0x0000000020000628                . = ALIGN (0x8)

/DISCARD/
 libc.a(*)
 libm.a(*)
 libgcc.a(*)

.ARM.attributes
                0x0000000000000000       0x28
 *(.ARM.attributes)
 .ARM.attributes
                0x0000000000000000       0x1e c:/st/stm32cubeide_1.0.0/stm32cubeide/plugins/com.st.stm32cube.ide.mcu.externaltools.gnu-tools-for-stm32.7-2018-q2-update.win32_1.0.0.201904181610/tools/bin/../lib/gcc/arm-none-eabi/7.3.1/thumb/v6-m/crti.o
 .ARM.attributes
                0x000000000000001e       0x2c c:/st/stm32cubeide_1.0.0/stm32cubeide/plugins/com.st.stm32cube.ide.mcu.externaltools.gnu-tools-for-stm32.7-2018-q2-update.win32_1.0.0.201904181610/tools/bin/../lib/gcc/arm-none-eabi/7.3.1/thumb/v6-m/crtbegin.o
 .ARM.attributes
                0x000000000000004a       0x31 Core/Src/gpio.o
 .ARM.attributes
                0x000000000000007b       0x31 Core/Src/main.o
 .ARM.attributes
                0x00000000000000ac       0x31 Core/Src/stm32f0xx_hal_msp.o
 .ARM.attributes
                0x00000000000000dd       0x31 Core/Src/stm32f0xx_it.o
 .ARM.attributes
                0x000000000000010e       0x31 Core/Src/system_stm32f0xx.o
 .ARM.attributes
                0x000000000000013f       0x31 Drivers/STM32F0xx_HAL_Driver/Src/stm32f0xx_hal.o
 .ARM.attributes
                0x0000000000000170       0x31 Drivers/STM32F0xx_HAL_Driver/Src/stm32f0xx_hal_cortex.o
 .ARM.attributes
                0x00000000000001a1       0x31 Drivers/STM32F0xx_HAL_Driver/Src/stm32f0xx_hal_gpio.o
 .ARM.attributes
                0x00000000000001d2       0x31 Drivers/STM32F0xx_HAL_Driver/Src/stm32f0xx_hal_rcc.o
 .ARM.attributes
                0x0000000000000203       0x21 Startup/startup_stm32f030c8tx.o
 .ARM.attributes
                0x0000000000000224       0x2c c:/st/stm32cubeide_1.0.0/stm32cubeide/plugins/com.st.stm32cube.ide.mcu.externaltools.gnu-tools-for-stm32.7-2018-q2-update.win32_1.0.0.201904181610/tools/bin/../lib/gcc/arm-none-eabi/7.3.1/../../../../arm-none-eabi/lib/thumb/v6-m\libc_nano.a(lib_a-init.o)
 .ARM.attributes
                0x0000000000000250       0x2c c:/st/stm32cubeide_1.0.0/stm32cubeide/plugins/com.st.stm32cube.ide.mcu.externaltools.gnu-tools-for-stm32.7-2018-q2-update.win32_1.0.0.201904181610/tools/bin/../lib/gcc/arm-none-eabi/7.3.1/../../../../arm-none-eabi/lib/thumb/v6-m\libc_nano.a(lib_a-memset.o)
 .ARM.attributes
                0x000000000000027c       0x1e c:/st/stm32cubeide_1.0.0/stm32cubeide/plugins/com.st.stm32cube.ide.mcu.externaltools.gnu-tools-for-stm32.7-2018-q2-update.win32_1.0.0.201904181610/tools/bin/../lib/gcc/arm-none-eabi/7.3.1/thumb/v6-m\libgcc.a(_udivsi3.o)
 .ARM.attributes
                0x000000000000029a       0x1e c:/st/stm32cubeide_1.0.0/stm32cubeide/plugins/com.st.stm32cube.ide.mcu.externaltools.gnu-tools-for-stm32.7-2018-q2-update.win32_1.0.0.201904181610/tools/bin/../lib/gcc/arm-none-eabi/7.3.1/thumb/v6-m\libgcc.a(_dvmd_tls.o)
 .ARM.attributes
                0x00000000000002b8       0x1e c:/st/stm32cubeide_1.0.0/stm32cubeide/plugins/com.st.stm32cube.ide.mcu.externaltools.gnu-tools-for-stm32.7-2018-q2-update.win32_1.0.0.201904181610/tools/bin/../lib/gcc/arm-none-eabi/7.3.1/thumb/v6-m/crtn.o
OUTPUT(test18f.elf elf32-littlearm)

.debug_info     0x0000000000000000     0x6fa8
 .debug_info    0x0000000000000000      0xb8b Core/Src/gpio.o
 .debug_info    0x0000000000000b8b      0xb8b Core/Src/main.o
 .debug_info    0x0000000000001716      0xa1b Core/Src/stm32f0xx_hal_msp.o
 .debug_info    0x0000000000002131      0x95a Core/Src/stm32f0xx_it.o
 .debug_info    0x0000000000002a8b      0xa60 Core/Src/system_stm32f0xx.o
 .debug_info    0x00000000000034eb      0xdb8 Drivers/STM32F0xx_HAL_Driver/Src/stm32f0xx_hal.o
 .debug_info    0x00000000000042a3      0xf0f Drivers/STM32F0xx_HAL_Driver/Src/stm32f0xx_hal_cortex.o
 .debug_info    0x00000000000051b2      0xe47 Drivers/STM32F0xx_HAL_Driver/Src/stm32f0xx_hal_gpio.o
 .debug_info    0x0000000000005ff9      0xf8d Drivers/STM32F0xx_HAL_Driver/Src/stm32f0xx_hal_rcc.o
 .debug_info    0x0000000000006f86       0x22 Startup/startup_stm32f030c8tx.o

.debug_abbrev   0x0000000000000000     0x130b
 .debug_abbrev  0x0000000000000000      0x1c5 Core/Src/gpio.o
 .debug_abbrev  0x00000000000001c5      0x20e Core/Src/main.o
 .debug_abbrev  0x00000000000003d3      0x1ab Core/Src/stm32f0xx_hal_msp.o
 .debug_abbrev  0x000000000000057e      0x18c Core/Src/stm32f0xx_it.o
 .debug_abbrev  0x000000000000070a      0x1cd Core/Src/system_stm32f0xx.o
 .debug_abbrev  0x00000000000008d7      0x26b Drivers/STM32F0xx_HAL_Driver/Src/stm32f0xx_hal.o
 .debug_abbrev  0x0000000000000b42      0x2fa Drivers/STM32F0xx_HAL_Driver/Src/stm32f0xx_hal_cortex.o
 .debug_abbrev  0x0000000000000e3c      0x251 Drivers/STM32F0xx_HAL_Driver/Src/stm32f0xx_hal_gpio.o
 .debug_abbrev  0x000000000000108d      0x26c Drivers/STM32F0xx_HAL_Driver/Src/stm32f0xx_hal_rcc.o
 .debug_abbrev  0x00000000000012f9       0x12 Startup/startup_stm32f030c8tx.o

.debug_aranges  0x0000000000000000      0x358
 .debug_aranges
                0x0000000000000000       0x20 Core/Src/gpio.o
 .debug_aranges
                0x0000000000000020       0x38 Core/Src/main.o
 .debug_aranges
                0x0000000000000058       0x20 Core/Src/stm32f0xx_hal_msp.o
 .debug_aranges
                0x0000000000000078       0x40 Core/Src/stm32f0xx_it.o
 .debug_aranges
                0x00000000000000b8       0x28 Core/Src/system_stm32f0xx.o
 .debug_aranges
                0x00000000000000e0       0xb8 Drivers/STM32F0xx_HAL_Driver/Src/stm32f0xx_hal.o
 .debug_aranges
                0x0000000000000198       0xc0 Drivers/STM32F0xx_HAL_Driver/Src/stm32f0xx_hal_cortex.o
 .debug_aranges
                0x0000000000000258       0x58 Drivers/STM32F0xx_HAL_Driver/Src/stm32f0xx_hal_gpio.o
 .debug_aranges
                0x00000000000002b0       0x80 Drivers/STM32F0xx_HAL_Driver/Src/stm32f0xx_hal_rcc.o
 .debug_aranges
                0x0000000000000330       0x28 Startup/startup_stm32f030c8tx.o

.debug_ranges   0x0000000000000000      0x2c0
 .debug_ranges  0x0000000000000000       0x10 Core/Src/gpio.o
 .debug_ranges  0x0000000000000010       0x28 Core/Src/main.o
 .debug_ranges  0x0000000000000038       0x10 Core/Src/stm32f0xx_hal_msp.o
 .debug_ranges  0x0000000000000048       0x30 Core/Src/stm32f0xx_it.o
 .debug_ranges  0x0000000000000078       0x18 Core/Src/system_stm32f0xx.o
 .debug_ranges  0x0000000000000090       0xa8 Drivers/STM32F0xx_HAL_Driver/Src/stm32f0xx_hal.o
 .debug_ranges  0x0000000000000138       0xb0 Drivers/STM32F0xx_HAL_Driver/Src/stm32f0xx_hal_cortex.o
 .debug_ranges  0x00000000000001e8       0x48 Drivers/STM32F0xx_HAL_Driver/Src/stm32f0xx_hal_gpio.o
 .debug_ranges  0x0000000000000230       0x70 Drivers/STM32F0xx_HAL_Driver/Src/stm32f0xx_hal_rcc.o
 .debug_ranges  0x00000000000002a0       0x20 Startup/startup_stm32f030c8tx.o

.debug_macro    0x0000000000000000     0xbf90
 .debug_macro   0x0000000000000000      0x2f6 Core/Src/gpio.o
 .debug_macro   0x00000000000002f6      0xa48 Core/Src/gpio.o
 .debug_macro   0x0000000000000d3e       0xac Core/Src/gpio.o
 .debug_macro   0x0000000000000dea       0x2e Core/Src/gpio.o
 .debug_macro   0x0000000000000e18       0x22 Core/Src/gpio.o
 .debug_macro   0x0000000000000e3a       0x22 Core/Src/gpio.o
 .debug_macro   0x0000000000000e5c       0x8e Core/Src/gpio.o
 .debug_macro   0x0000000000000eea       0x51 Core/Src/gpio.o
 .debug_macro   0x0000000000000f3b       0xef Core/Src/gpio.o
 .debug_macro   0x000000000000102a       0x6a Core/Src/gpio.o
 .debug_macro   0x0000000000001094      0x1df Core/Src/gpio.o
 .debug_macro   0x0000000000001273       0x34 Core/Src/gpio.o
 .debug_macro   0x00000000000012a7       0x26 Core/Src/gpio.o
 .debug_macro   0x00000000000012cd      0x30d Core/Src/gpio.o
 .debug_macro   0x00000000000015da     0x6fa9 Core/Src/gpio.o
 .debug_macro   0x0000000000008583       0x3c Core/Src/gpio.o
 .debug_macro   0x00000000000085bf       0x46 Core/Src/gpio.o
 .debug_macro   0x0000000000008605       0x18 Core/Src/gpio.o
 .debug_macro   0x000000000000861d       0x3c Core/Src/gpio.o
 .debug_macro   0x0000000000008659       0x34 Core/Src/gpio.o
 .debug_macro   0x000000000000868d       0x16 Core/Src/gpio.o
 .debug_macro   0x00000000000086a3       0x97 Core/Src/gpio.o
 .debug_macro   0x000000000000873a      0x330 Core/Src/gpio.o
 .debug_macro   0x0000000000008a6a       0xfd Core/Src/gpio.o
 .debug_macro   0x0000000000008b67       0x10 Core/Src/gpio.o
 .debug_macro   0x0000000000008b77       0x52 Core/Src/gpio.o
 .debug_macro   0x0000000000008bc9       0x1f Core/Src/gpio.o
 .debug_macro   0x0000000000008be8       0x43 Core/Src/gpio.o
 .debug_macro   0x0000000000008c2b       0x20 Core/Src/gpio.o
 .debug_macro   0x0000000000008c4b      0x1a3 Core/Src/gpio.o
 .debug_macro   0x0000000000008dee       0x10 Core/Src/gpio.o
 .debug_macro   0x0000000000008dfe       0x1c Core/Src/gpio.o
 .debug_macro   0x0000000000008e1a       0x52 Core/Src/gpio.o
 .debug_macro   0x0000000000008e6c       0x40 Core/Src/gpio.o
 .debug_macro   0x0000000000008eac       0x10 Core/Src/gpio.o
 .debug_macro   0x0000000000008ebc       0x40 Core/Src/gpio.o
 .debug_macro   0x0000000000008efc       0xd7 Core/Src/gpio.o
 .debug_macro   0x0000000000008fd3       0x1c Core/Src/gpio.o
 .debug_macro   0x0000000000008fef       0x3d Core/Src/gpio.o
 .debug_macro   0x000000000000902c       0x16 Core/Src/gpio.o
 .debug_macro   0x0000000000009042      0x145 Core/Src/gpio.o
 .debug_macro   0x0000000000009187       0x50 Core/Src/gpio.o
 .debug_macro   0x00000000000091d7      0x92f Core/Src/gpio.o
 .debug_macro   0x0000000000009b06      0x180 Core/Src/gpio.o
 .debug_macro   0x0000000000009c86      0x13a Core/Src/gpio.o
 .debug_macro   0x0000000000009dc0       0xe5 Core/Src/gpio.o
 .debug_macro   0x0000000000009ea5      0x1ed Core/Src/gpio.o
 .debug_macro   0x000000000000a092       0x34 Core/Src/gpio.o
 .debug_macro   0x000000000000a0c6       0x43 Core/Src/gpio.o
 .debug_macro   0x000000000000a109       0x28 Core/Src/gpio.o
 .debug_macro   0x000000000000a131       0xb6 Core/Src/gpio.o
 .debug_macro   0x000000000000a1e7      0x199 Core/Src/gpio.o
 .debug_macro   0x000000000000a380      0x202 Core/Src/gpio.o
 .debug_macro   0x000000000000a582       0x61 Core/Src/gpio.o
 .debug_macro   0x000000000000a5e3       0x90 Core/Src/gpio.o
 .debug_macro   0x000000000000a673       0x4d Core/Src/gpio.o
 .debug_macro   0x000000000000a6c0       0x2d Core/Src/gpio.o
 .debug_macro   0x000000000000a6ed       0xf8 Core/Src/gpio.o
 .debug_macro   0x000000000000a7e5       0x10 Core/Src/gpio.o
 .debug_macro   0x000000000000a7f5      0x2fa Core/Src/main.o
 .debug_macro   0x000000000000aaef      0x2ec Core/Src/stm32f0xx_hal_msp.o
 .debug_macro   0x000000000000addb      0x2f6 Core/Src/stm32f0xx_it.o
 .debug_macro   0x000000000000b0d1      0x2dd Core/Src/system_stm32f0xx.o
 .debug_macro   0x000000000000b3ae      0x301 Drivers/STM32F0xx_HAL_Driver/Src/stm32f0xx_hal.o
 .debug_macro   0x000000000000b6af      0x2dd Drivers/STM32F0xx_HAL_Driver/Src/stm32f0xx_hal_cortex.o
 .debug_macro   0x000000000000b98c      0x315 Drivers/STM32F0xx_HAL_Driver/Src/stm32f0xx_hal_gpio.o
 .debug_macro   0x000000000000bca1      0x2ef Drivers/STM32F0xx_HAL_Driver/Src/stm32f0xx_hal_rcc.o

.debug_line     0x0000000000000000     0x5362
 .debug_line    0x0000000000000000      0x806 Core/Src/gpio.o
 .debug_line    0x0000000000000806      0x842 Core/Src/main.o
 .debug_line    0x0000000000001048      0x7f1 Core/Src/stm32f0xx_hal_msp.o
 .debug_line    0x0000000000001839      0x845 Core/Src/stm32f0xx_it.o
 .debug_line    0x000000000000207e      0x818 Core/Src/system_stm32f0xx.o
 .debug_line    0x0000000000002896      0x965 Drivers/STM32F0xx_HAL_Driver/Src/stm32f0xx_hal.o
 .debug_line    0x00000000000031fb      0x9f4 Drivers/STM32F0xx_HAL_Driver/Src/stm32f0xx_hal_cortex.o
 .debug_line    0x0000000000003bef      0xa8b Drivers/STM32F0xx_HAL_Driver/Src/stm32f0xx_hal_gpio.o
 .debug_line    0x000000000000467a      0xc63 Drivers/STM32F0xx_HAL_Driver/Src/stm32f0xx_hal_rcc.o
 .debug_line    0x00000000000052dd       0x85 Startup/startup_stm32f030c8tx.o

.debug_str      0x0000000000000000    0x3e63d
 .debug_str     0x0000000000000000    0x3d89d Core/Src/gpio.o
                                      0x3daf8 (size before relaxing)
 .debug_str     0x000000000003d89d      0x180 Core/Src/main.o
                                      0x3dbb8 (size before relaxing)
 .debug_str     0x000000000003da1d       0x2c Core/Src/stm32f0xx_hal_msp.o
                                      0x3da5d (size before relaxing)
 .debug_str     0x000000000003da49       0x76 Core/Src/stm32f0xx_it.o
                                      0x3da4d (size before relaxing)
 .debug_str     0x000000000003dabf       0x5f Core/Src/system_stm32f0xx.o
                                      0x3da58 (size before relaxing)
 .debug_str     0x000000000003db1e      0x489 Drivers/STM32F0xx_HAL_Driver/Src/stm32f0xx_hal.o
                                      0x3df1e (size before relaxing)
 .debug_str     0x000000000003dfa7      0x220 Drivers/STM32F0xx_HAL_Driver/Src/stm32f0xx_hal_cortex.o
                                      0x3de08 (size before relaxing)
 .debug_str     0x000000000003e1c7      0x213 Drivers/STM32F0xx_HAL_Driver/Src/stm32f0xx_hal_gpio.o
                                      0x3dcfa (size before relaxing)
 .debug_str     0x000000000003e3da      0x232 Drivers/STM32F0xx_HAL_Driver/Src/stm32f0xx_hal_rcc.o
                                      0x3de37 (size before relaxing)
 .debug_str     0x000000000003e60c       0x31 Startup/startup_stm32f030c8tx.o
                                         0x75 (size before relaxing)

.comment        0x0000000000000000       0x7b
 .comment       0x0000000000000000       0x7b Core/Src/gpio.o
                                         0x7c (size before relaxing)
 .comment       0x000000000000007b       0x7c Core/Src/main.o
 .comment       0x000000000000007b       0x7c Core/Src/stm32f0xx_hal_msp.o
 .comment       0x000000000000007b       0x7c Core/Src/stm32f0xx_it.o
 .comment       0x000000000000007b       0x7c Core/Src/system_stm32f0xx.o
 .comment       0x000000000000007b       0x7c Drivers/STM32F0xx_HAL_Driver/Src/stm32f0xx_hal.o
 .comment       0x000000000000007b       0x7c Drivers/STM32F0xx_HAL_Driver/Src/stm32f0xx_hal_cortex.o
 .comment       0x000000000000007b       0x7c Drivers/STM32F0xx_HAL_Driver/Src/stm32f0xx_hal_gpio.o
 .comment       0x000000000000007b       0x7c Drivers/STM32F0xx_HAL_Driver/Src/stm32f0xx_hal_rcc.o

.debug_frame    0x0000000000000000      0x9c8
 .debug_frame   0x0000000000000000       0x30 Core/Src/gpio.o
 .debug_frame   0x0000000000000030       0x88 Core/Src/main.o
 .debug_frame   0x00000000000000b8       0x30 Core/Src/stm32f0xx_hal_msp.o
 .debug_frame   0x00000000000000e8       0x9c Core/Src/stm32f0xx_it.o
 .debug_frame   0x0000000000000184       0x4c Core/Src/system_stm32f0xx.o
 .debug_frame   0x00000000000001d0      0x248 Drivers/STM32F0xx_HAL_Driver/Src/stm32f0xx_hal.o
 .debug_frame   0x0000000000000418      0x2a0 Drivers/STM32F0xx_HAL_Driver/Src/stm32f0xx_hal_cortex.o
 .debug_frame   0x00000000000006b8      0x110 Drivers/STM32F0xx_HAL_Driver/Src/stm32f0xx_hal_gpio.o
 .debug_frame   0x00000000000007c8      0x194 Drivers/STM32F0xx_HAL_Driver/Src/stm32f0xx_hal_rcc.o
 .debug_frame   0x000000000000095c       0x2c c:/st/stm32cubeide_1.0.0/stm32cubeide/plugins/com.st.stm32cube.ide.mcu.externaltools.gnu-tools-for-stm32.7-2018-q2-update.win32_1.0.0.201904181610/tools/bin/../lib/gcc/arm-none-eabi/7.3.1/../../../../arm-none-eabi/lib/thumb/v6-m\libc_nano.a(lib_a-init.o)
 .debug_frame   0x0000000000000988       0x20 c:/st/stm32cubeide_1.0.0/stm32cubeide/plugins/com.st.stm32cube.ide.mcu.externaltools.gnu-tools-for-stm32.7-2018-q2-update.win32_1.0.0.201904181610/tools/bin/../lib/gcc/arm-none-eabi/7.3.1/../../../../arm-none-eabi/lib/thumb/v6-m\libc_nano.a(lib_a-memset.o)
 .debug_frame   0x00000000000009a8       0x20 c:/st/stm32cubeide_1.0.0/stm32cubeide/plugins/com.st.stm32cube.ide.mcu.externaltools.gnu-tools-for-stm32.7-2018-q2-update.win32_1.0.0.201904181610/tools/bin/../lib/gcc/arm-none-eabi/7.3.1/thumb/v6-m\libgcc.a(_udivsi3.o)
